// Vitest Snapshot v1, https://vitest.dev/guide/snapshot.html

exports[`generateOpenCodeCommands > generates matching snapshot 1`] = `
{
  "apply": "---
description: Dispatch executor sub-agents (implement tasks per wave)
---

**You are the orchestrator — dispatch sub-agents; do not do their work yourself.**

### Context injection (OMP Extension)

Context is auto-injected by the OMP Extension at session_start. Do NOT call \`bp context <step>\` yourself — the extension already provides the same material at every turn.

When reading \`bp/changes/<name>/context.jsonl\`, every row follows the schema:

\`\`\`json
{ "file": "<path>", "reason": "<why>", "phase": "plan|apply|check|archive|all", "tag": "<label>", "read": "full|range", "range": [<start>, <end>] }
\`\`\`

Row fields:

- \`file:\` repository-relative path the change depends on. Required.
- \`reason:\` short invariant or invariant-style reason the file exists in the change. Required, ≤ 200 chars.
- \`phase:\` one of \`plan\`, \`apply\`, \`check\`, \`archive\`, or \`all\`. Optional, default \`all\`.
- \`tag:\` free-form label such as \`guard-rail\`, \`invariant\`, \`spec\`, \`convention\`, or \`config\`. Optional.
- \`read:\` either \`full\` (default) or \`range\`. When \`range\`, the row must include \`range:\` as \`[start, end]\` line numbers.

## Input

- **\`$ARGUMENTS\`** (optional): change name. If empty, use the most recently planned change.

## Prerequisites

- \`design.md\` exists and is not a template
- \`tasks.md\` exists, has at least 1 wave, checkboxes are unchecked (normal mode)
- Delta specs exist for each affected domain

## Steps

## Orchestrator Steps

> These are the steps you (orchestrator) execute in order. \`bp apply\` only outputs these steps — it does not auto-execute. Implementation is done by executor sub-agents.

### Step 1: Resolve change name and paths

Same as plan workflow Step 1.

### Step 2: Classify change (lightweight vs full)

Read \`tasks.md\` task types:
- **Lightweight**: ALL tasks are type:config|docs|refactor|scaffolding (no type:behavior)
- **Full**: any type:behavior task

### Step 3: Wave analysis (Full mode)

Read \`tasks.md\` and parse into execution plan:

1. **Extract waves**: Read all \`## Wave N: <theme>\` sections. Keep wave order.

2. **Build inter-wave dependency graph**:
   - For each task, extract \`depends_on\` field
   - If task in Wave B has \`depends_on\` referencing a task in Wave A -> Wave B depends on Wave A
   - Result: DAG where nodes = waves, edges = cross-wave depends_on

3. **File manifest overlap check**:
   - For each pair of waves in the same round, compare their tasks' \`files\` fields
   - If two waves modify the SAME file, they CANNOT run concurrently
   - Force overlapping waves into the same wave (serial within one sub-agent) or sequential rounds
   - This prevents merge conflicts when isolated worktrees merge back

4. **Generate execution plan**:

   - Waves with NO unmet cross-wave dependencies -> can run concurrently
   - Waves WITH cross-wave dependencies -> must wait for predecessor wave(s)

5. **For each wave, prepare executor dispatch prompt**:
   - Change name and directory path
   - Wave number and which task IDs (T-N) are in this wave
   - Summary of completed tasks from prior waves: task ID, title, files, key public interfaces

   **CRITICAL: Do NOT inject file contents into the dispatch prompt.**
   The executor has \`read\` tool access and will read these files itself:
   - tasks.md (for task details, RED tests, acceptance criteria)
   - design.md (for DS-N technical context)
   - specs/<domain>/spec.md (for delta specs)
   - bp/conventions/coding.md (for coding conventions)

   Providing paths saves tokens and prevents the orchestrator from biasing
   the executor with its interpretation of the content.

### Step 4: Dispatch executor waves (Full mode)

**Execute round by round:**

Each round:
1. Identify waves with no unmet dependencies -> ready to run
2. Dispatch ALL ready waves CONCURRENTLY (one task tool call per wave, all in one batch)
   - Each wave gets its own executor sub-agent
   - Agent type: bp-executor
   - Fresh context: yes
   - Isolated: yes (executors modify source files and make git commits concurrently)
3. Wait for ALL waves in this round to complete

**After each round, verify each wave's output:**

For each completed wave:
1. **Check git log**: \`git log --oneline -5\` - confirm new commits exist with correct hashes
2. **Check git diff**: \`git diff --stat HEAD~N\` - confirm files actually changed (not no-op)
3. **Check tasks.md**: confirm tasks marked [x] with \`<!-- commit: HASH -->\` annotation
4. **Run wave's tests**: run the project's test command for <test-files> - confirm tests pass
5. **If any task missing commit annotation**: re-run that task manually or re-dispatch

**If any wave fails verification:**
- Re-dispatch the failed wave with specific feedback
- Do NOT proceed to next round until all waves in current round pass

**After all rounds complete:**
1. Run the project's build check and full test suite (per bp/config.yaml stack)
2. If failures: identify which wave caused them, re-dispatch with fix instructions
3. If all pass: mark the \`## Pre-Archive Checklist\` in \`tasks.md\`:
   - \`- [ ] type-check/build passes\` → \`- [x]\`
   - \`- [ ] test suite passes - all suites green\` → \`- [x]\`
   - \`- [ ] Every task in every wave is marked [x] with a commit hash\` → \`- [x]\` (verify this first)
   - \`- [ ] All wave acceptance criteria confirmed\` → \`- [x]\`
   (Skip \`No template placeholders\` — that's verified by the planner during planning.)

# Record execution metadata ( P5)
# Orchestrator should write .meta/executor-wave-N.json after executor completes

### Step 5: Lightweight mode (if classified as lightweight)

If all tasks are non-behavior:
1. Implement tasks yourself, one by one
2. After each task: run relevant tests, commit with \`bp commit\` or direct git
3. Mark [x] with commit hash in tasks.md
4. After all tasks: run full test suite
5. Mark the \`## Pre-Archive Checklist\` in tasks.md (same as Step 4 item 3)

### Step 6: Commit and suggest next step

\`\`\`bash
# Update roadmap: If the change is linked to a roadmap phase, update it to \`- [-] $1 (implemented YYYY-MM-DD)\`.
git add bp/changes/$1/
bp commit "feat: implementation complete for $1" --files bp/changes/$1/
\`\`\`
  Next: bp check $1
  (or: bp continue $1)

Output:
\`\`\`
Implementation complete for $1
  - N tasks implemented in N wave(s)
  - N commits created
  - All tests pass

  Next: bp check $1
  (or: bp continue $1)
\`\`\`

## Guardrails

- **Context is auto-injected by the OMP Extension.** Do NOT call \`bp context apply\`; the extension already supplies the same material at every turn.
- **Full mode: MUST dispatch sub-agents per wave.** Do NOT implement behavior tasks yourself.
- **Concurrent waves in the same round: dispatch ALL in one task tool call (parallel).**
- **After each wave: verify git log, tasks.md marking, test pass.** No-op or incomplete = failure.
- **NEVER skip review.** Apply's test pass is NOT a replacement for review.
- Do NOT run bp check automatically - let the user decide.
- **Wave retry limit: max 2 re-dispatches per wave (global cap: config.budget.max_subagent_runs, default 5).** If a wave fails verification 2 times after re-dispatch with specific feedback, STOP and report as blocker. Do not re-dispatch indefinitely.
- **Budget awareness**: Track sub-agent dispatch count against config.budget.max_subagent_runs (default 5). Track wall time against config.budget.max_wall_time_min (default 60). If estimated token usage approaches config.budget.estimated_token_cap (default 500000), warn. These are advisory — stop and report if exceeded.
- **Level-aware execution**: Trivial = inline (no sub-agent). Light = single agent, TDD optional. Standard = wave + TDD. Critical = wave + TDD + security audit checkpoint.
",
  "archive": "---
description: Archive a change (merge delta specs, archive dir, update roadmap)
---

## Input

- **\`$ARGUMENTS\`** (optional): change name. If empty, use the most recently reviewed change.

## Prerequisites

- \`review.md\` exists and Overall Verdict is PASS
- No unresolved issues in review.md \`## Issues\` section

## Steps

## Orchestrator Steps

> These are the steps you (orchestrator) execute in order. \`bp archive\` only outputs these steps — it does not auto-execute. Actual archive is done by \`bp finalize\`.

### Step 1: Resolve change name and paths

Same as plan workflow Step 1.

### Step 2: Pre-archive check (optional but recommended)

Read \`bp/changes/$1/review.md\`:
- Check Overall Verdict is PASS
- Check \`## Issues\` section has no \`- [ ]\` entries (all should be [x] or empty)
- Run \`git status --porcelain\` — if there are uncommitted changes outside bp/, warn the user. Uncommitted half-done code may get archived alongside the change.

If review is not PASS:
\`\`\`
Cannot archive: review not passed
  Verdict: FAIL/NEEDS_REVISION
  Unresolved issues: N

  Fix issues first: bp apply --fix $1
\`\`\`

### Step 3: Run finalize command

The \`bp finalize\` command handles everything: review verification, delta spec merge, change directory move, and roadmap update.

\`\`\`bash
bp finalize $1
\`\`\`

The command will:
1. Verify review.md verdict is PASS and no unresolved issues
2. Gate context.jsonl validity for archive phase
3. Merge each delta spec (\`specs/<domain>/spec.md\`) into global spec (\`bp/specs/<domain>/spec.md\`) via mergeDeltaSpec
4. Move change directory to \`bp/changes/archive/<date>-$1/\`
5. Update \`bp/roadmap.md\` if proposal has \`## Roadmap Reference\`

If the command reports a merge conflict, resolve it in the delta spec and re-run.

### Step 4: Verify archive success

Check the following after the command completes:

1. **Archive directory exists**: \`bp/changes/archive/<date>-$1/\` exists and contains all artifacts (proposal.md, design.md, tasks.md, specs/, review.md)
2. **Source directory removed**: \`bp/changes/$1/\` no longer exists
3. **Delta specs merged**: For each domain in the change's \`specs/\`:
   - ADDED requirements appear in \`bp/specs/<domain>/spec.md\`
   - REMOVED requirements are gone from \`bp/specs/<domain>/spec.md\`
   - MODIFIED requirements are replaced in \`bp/specs/<domain>/spec.md\`
4. **Roadmap updated** (if proposal had \`## Roadmap Reference\`): the change is marked \`- [x]\` in \`bp/roadmap.md\`
5. **No conflict residue**: the command output shows no merge conflict errors

If any check fails, investigate — the archive command may have partially completed.

### Step 5: Commit changes

The archive command does NOT run git commit. Commit the merged specs, roadmap, and archived change:

\`\`\`bash
bp commit "archive: $1 - specs merged, roadmap updated" --files bp/specs/ bp/roadmap.md bp/changes/
\`\`\`

### Step 6: Suggest next step

Output:
\`\`\`
Archived $1
  - Delta specs merged into bp/specs/
  - Change moved to bp/changes/archive/<date>-$1/
  - Roadmap updated

  Next: bp continue (or: bp propose <new-change>)
\`\`\`

## Guardrails

- **Review must PASS before archive.** The archive command enforces this, but pre-checking saves a failed command.
- **If merge conflict occurs**, resolve in the delta spec (change directory) and re-run \`bp finalize $1\`. Do NOT edit global specs directly.
- **Archive preserves full context.** All artifacts move to archive together.
- **Post-archive drift check**: After archive, consider running bp spec refresh --check to detect if the merged specs still match code reality.
- **CI mode (--ci)**: Skip working-tree warnings and post-archive suggestions. Exit 0 on success, 1 on any failure.
- **Commit is the orchestrator's job** — the archive command does not commit.
",
  "check": "---
description: Triple check of a change - full verify + fixer loopback + full re-review
---

**You are the orchestrator — dispatch sub-agents; do not do their work yourself.**

### Context injection (OMP Extension)

Context is auto-injected by the OMP Extension at session_start. Do NOT call \`bp context <step>\` yourself — the extension already provides the same material at every turn.

When reading \`bp/changes/<name>/context.jsonl\`, every row follows the schema:

\`\`\`json
{ "file": "<path>", "reason": "<why>", "phase": "plan|apply|check|archive|all", "tag": "<label>", "read": "full|range", "range": [<start>, <end>] }
\`\`\`

Row fields:

- \`file:\` repository-relative path the change depends on. Required.
- \`reason:\` short invariant or invariant-style reason the file exists in the change. Required, ≤ 200 chars.
- \`phase:\` one of \`plan\`, \`apply\`, \`check\`, \`archive\`, or \`all\`. Optional, default \`all\`.
- \`tag:\` free-form label such as \`guard-rail\`, \`invariant\`, \`spec\`, \`convention\`, or \`config\`. Optional.
- \`read:\` either \`full\` (default) or \`range\`. When \`range\`, the row must include \`range:\` as \`[start, end]\` line numbers.

## Input

- **\`$ARGUMENTS\`** (optional): change name. If empty, use the most recently applied change.
- **\`--ci\`** (optional): CI mode — non-interactive, non-PASS exits 1 immediately.

## Prerequisites

- Code is implemented (tasks.md has [x] entries with commit hashes)
- Build check and test suite pass (per bp/config.yaml stack)

## Steps

> These are the steps you (orchestrator) execute in order. \`bp check\` only outputs these steps — it does not auto-execute. Review is done by reviewer sub-agent.

### Step 1: Resolve change name and paths

Same as plan workflow Step 1.

### Step 2: Pre-check verification

Run before dispatching reviewer:
\`\`\`bash
# Run the project's build check and test suite.
# Read bp/config.yaml for the tech stack and test framework.
# Examples by stack:
#   TypeScript: tsc --noEmit && npx vitest run
#   Python:     mypy . && pytest
#   Go:         go build ./... && go test ./...
#   Rust:       cargo build && cargo test
#   Java:       mvn compile && mvn test
\`\`\`

If build or tests fail: do NOT dispatch reviewer. Report the failures and stop — fix them before checking.

### Step 3: Classify change (lightweight vs full)

- **Lightweight** (all non-behavior tasks, no delta specs): orchestrator does a quick review directly — verify all tasks [x], tests pass, no obvious issues, then write a simplified review.md.
- **Full** (any behavior task, has delta specs): dispatch reviewer sub-agent.

### Step 4: Dispatch reviewer for a full triple review

**Do NOT write review.md yourself. Dispatch reviewer sub-agent.**

1. Prepare reviewer context:
   - Change name and directory path
   - Files to read: proposal.md, design.md, tasks.md, specs/<domain>/spec.md, bp/specs/<domain>/spec.md, bp/conventions/coding.md
   - Instruction: "Read the reviewer agent prompt, then perform the full triple review (spec + quality + goal gates) and write review.md"

2. Dispatch via task tool:
   - Agent type: bp-reviewer (or default task agent with reviewer prompt injected)
   - Fresh context: yes
   - Isolated: no (reviewer is read-only on source code, writes only review.md)

3. Wait for reviewer to complete.

### Step 5: Read review.md and route

After reviewer completes, read \`bp/changes/$1/review.md\` and extract the Overall Verdict and Issues list.

**If Overall Verdict is PASS (zero issues):**

Present the verdict and ask the user: "Review PASSED. Shall I archive this change?" On confirmation, run \`bp archive $1\`. Do NOT auto-archive.

**If non-PASS (FAIL / NEEDS_REVISION, any open \`- [ ]\` R/Q/G/D issue):**

Dispatch the fixer to repair the change:
\`\`\`bash
bp dispatch fixer --change $1
\`\`\`

The fixer repairs proposal, design, and implementation per the review issues. After it completes, re-dispatch the reviewer for a **full re-review of the entire change** (all three gates — spec, quality, goal). Do NOT re-check only the fixed issues.

**If [FUSE] diminishing returns detected:**

Do NOT auto-route to another fix. Present the remaining issues for human verification. If the user confirms all resolved, write \`## Human Verdict: PASS\` below the Issues section in review.md and run \`bp archive $1\`.

### Step 6: Commit review.md

\`\`\`bash
bp commit -m "docs(review): triple review for $1" --files bp/changes/$1/review.md
\`\`\`

## Output

- The \`bp/changes/$1/review.md\` artifact written by the reviewer sub-agent.
- A verdict readout and, on PASS, the archive confirmation flow.

## Guardrails

- **Context is auto-injected by the OMP Extension.** Do NOT call \`bp context check\`; the extension already supplies the same material at every turn.
- **Fix loop limit: max config.budget.max_review_rounds rounds (default 3).** Count re-reviews in review.md Review History; if issues persist past the limit, trigger the [FUSE] recovery path above.
- **Every reviewer run is a full triple review** (spec + quality + goal gates). There is no fix-mode or diff-only re-check.
- **Level-aware review**: Trivial = orchestrator quick check (no sub-agent). Light = optional review. Standard = triple review. Critical = triple review + security audit + human approval before archive.
- **Critical approval gate**: Critical-level changes require explicit approval. If config.approvers is non-empty, only listed approvers can PASS a Critical review.
- **CI mode (--ci)**: skip human-confirmation steps; if the verdict is not PASS, exit 1 immediately.
- **Do NOT run bp archive automatically** — the user approves archiving.
",
  "continue": "---
description: Check progress and suggest next step
---

## Input

- **\`$ARGUMENTS\`** (optional): change name. If empty, the CLI auto-detects.

## Note

> \`bp continue\` auto-detects progress and outputs the next step's workflow instructions. Follow the instructions it outputs.

## What to do

Run the CLI command:

\`\`\`bash
bp continue $ARGUMENTS
\`\`\`

The CLI runs schema-driven detection in code and outputs:
1. Current artifact status (proposal/design/tasks/specs/review existence + task completion count)
2. Next recommended step (command + description)
3. Full workflow instructions for the next step

**Follow the CLI output.** Do not manually check files or determine the next step yourself - the code does it.

## When to use

- After \`bp init\` (CLI detects empty roadmap -> suggests bp roadmap)
- After any step completes (CLI detects next step based on schema)
- When unsure what to do next (CLI shows current progress)

## Guardrails

- The CLI does ALL detection. You just follow its output.
- If the CLI says "Next: bp plan <name>", run the plan workflow instructions it outputs.
- If multiple active changes exist, the CLI lists them. Pick one and re-run \`bp continue <name>\`.
",
  "ff": "---
description: Fast-forward: auto-advance through all steps by calling bp continue after each
---

## Input

- **\`$ARGUMENTS\`** (optional): change name. If empty, starts from current project state.

## Note

> \`bp ff\` / \`bp loop\` auto-advance through steps by calling \`bp continue\` after each. Follow the instructions each \`bp continue\` outputs.

## What to do

Fast-forward: execute the current step, then auto-call \`bp continue\` to get the next step, then execute that. Repeat until complete.

### Loop

For each iteration:

1. **Get current step**: \`\`\`bash
   bp continue $ARGUMENTS
   \`\`\`
   The CLI outputs the next step's full workflow instructions.

2. **Execute those instructions** — dispatch sub-agents, write files, run code, etc. as the instructions describe.

3. **After the step completes**, return to step 1.

4. **Stop when**:
   - \`bp continue\` shows no more actionable steps (no active changes, roadmap has no \`[ ]\` items)
   - OR an unrecoverable error occurs (report it and stop)

### Constraints

- Respect all gates: \`bp review\` must PASS before \`bp archive\`; design issues (D-prefixed) route to \`bp plan --fix\`; code issues route to \`bp apply --fix\`.
- You MAY ask the user clarifying questions if truly blocked (e.g. ambiguous requirement). But default to proceeding with the most reasonable interpretation.
- Each \`bp continue\` invocation is independent — it re-checks artifact state.
- Report progress to the user after each iteration.

## Guardrails

- Do NOT skip the review gate.
- Do NOT auto-archive if review verdict is FAIL or NEEDS_REVISION.
- If \`bp continue\` suggests a fix loop (plan --fix or apply --fix), execute that fix loop before continuing.
- If a step is unclear or the output is unexpected, stop and ask the user.
",
  "init": "---
description: Initialize blueprint project structure and generate platform files
---

## Input

- User has already run \`bp init\`. All project settings are configured.
- \`bp/config.yaml\` exists and is fully configured.

## Steps

## Orchestrator Steps

> These are the steps you (orchestrator) execute in order. \`bp init\` only outputs these steps — it does not auto-execute.

### Step 1: Check project type

Read \`bp/config.yaml\` - check the \`brownfield\` field.

**Greenfield (\`brownfield: false\`):**
Continue to Step 2.

**Brownfield (\`brownfield: true\`):**
Skip to Step 3.

### Step 2: Write coding conventions (greenfield)

Read \`bp/conventions/coding.md\`. If it is empty or only has a template header, fill it in based on the tech stack from \`bp/config.yaml\`:

- Read \`bp/config.yaml\` for tech stack context
- Read the project root for config files (tsconfig.json, eslint.config.js, etc.)
- Write conventions covering:
  - **Naming**: file naming (kebab-case), function naming (camelCase), type naming (PascalCase), constants (UPPER_SNAKE_CASE)
  - **Code style**: indentation, quotes, semicolons, max line length (from project config)
  - **Imports**: ordering, path aliases, barrel exports
  - **Error handling**: try/catch pattern, error types, logging
  - **Testing**: test framework, file naming (*.test.ts), test structure (describe/it)
  - **Types**: strictness level, type vs interface preference

No need to ask the user - derive conventions from the project's existing config files and tech stack.

### Step 3: Brownfield scan (brownfield only)

Dispatch a **codebase-scanner** sub-agent to analyze the existing codebase and extract behavioral contracts into \`bp/specs/\`.

1. Prepare scanner context:
   - Project root directory path
   - bp/config.yaml path
   - Instruction: "Read the codebase-scanner agent prompt, then scan the source code and write spec files to bp/specs/<domain>/spec.md"

2. Dispatch via task tool:
   - Agent type: bp-codebase-scanner (or default task agent with codebase-scanner prompt injected)
   - Fresh context: yes
   - Isolated: no (scanner is read-only on source code, writes only to bp/specs/)

3. Wait for scanner to complete.

4. Verify output:
   - Check that \`bp/specs/\` has at least 1 domain directory with spec.md
   - Each spec.md has ## Purpose and ## Requirements sections
   - Each requirement uses SHALL/MUST and has at least 1 scenario

### Step 4: Verify coding conventions

Check \`bp/conventions/coding.md\`:
- Has real content (not just template header)
- Covers naming, code style, imports, error handling, testing
- It is written to bp/conventions/coding.md

### Step 3b: Verify codebase map

Check that \`bp/.codebase-map.json\` exists (run \`bp map refresh\` if missing). The planner queries the map on-demand via \`bp map list\` and \`bp map module <name>\` during plan.

### Step 5: Suggest next step

Suggest running \`bp continue\`:

\`\`\`
Project initialized. Run \`bp continue\` to check project status and discover next steps.
\`\`\`

## Guardrails

- NEVER re-ask configuration questions - the init CLI already handled profile, platform, etc.
- NEVER run \`bp init\` or \`bp update\` - user did this already
- Brownfield: dispatch codebase-scanner sub-agent. Do NOT scan code yourself.
- Greenfield: write coding conventions into bp/conventions/coding.md, verify specs exist
- ALWAYS suggest \`bp continue\`
",
  "loop": "---
description: Autonomous loop: same as ff but skip all user interaction until roadmap complete
---

## Input

- **\`$ARGUMENTS\`** (optional): change name. If empty, starts from current project state.

## Note

> \`bp ff\` / \`bp loop\` auto-advance through steps by calling \`bp continue\` after each. Follow the instructions each \`bp continue\` outputs.

## What to do

Autonomous loop: same as \`/bp:ff\` but **skip ALL user interaction**. Run until the roadmap has no remaining \`[ ]\` items.

### Loop

For each iteration:

1. **Get current step**: \`\`\`bash
   bp continue $ARGUMENTS
   \`\`\`
   The CLI outputs the next step's full workflow instructions.

2. **Execute those instructions WITHOUT asking the user anything.** Make the most reasonable interpretation and proceed. If the instructions say to use \`ask\`, you must SKIP that ask step and use sensible defaults instead.

3. **After the step completes**, return to step 1.

4. **Stop when**:
   - The roadmap has no \`[ ]\` items (all milestones shipped, all phases completed, all changes archived)
   - OR an unrecoverable error occurs (report it and stop)

### NO INTERACTION — CRITICAL

- Do NOT call \`ask\` for anything.
- Do NOT use \`ask_user_question\`.
- Do NOT pause to ask the user.
- For requirement questions in roadmap/propose: use the most reasonable defaults, document your assumption in the artifact, and continue.
- For ambiguous tool output: log a note, make your best guess, and continue.
- Only stop on hard errors (test failures that can't be fixed in 1 attempt, unrecoverable build errors).

## Guardrails

- Do NOT skip the review gate.
- Do NOT auto-archive if review verdict is FAIL or NEEDS_REVISION — but DO still attempt \`bp apply --fix\` once. If that doesn't resolve, stop and report.
- If \`bp continue\` suggests a fix loop, execute it.
- Report progress concisely after each iteration.
- When done, summarize what was completed.
",
  "plan": "---
description: Dispatch planner sub-agent (produce design, tasks, delta specs)
---

**You are the orchestrator — dispatch sub-agents; do not do their work yourself.**

### Context injection (OMP Extension)

Context is auto-injected by the OMP Extension at session_start. Do NOT call \`bp context <step>\` yourself — the extension already provides the same material at every turn.

When reading \`bp/changes/<name>/context.jsonl\`, every row follows the schema:

\`\`\`json
{ "file": "<path>", "reason": "<why>", "phase": "plan|apply|check|archive|all", "tag": "<label>", "read": "full|range", "range": [<start>, <end>] }
\`\`\`

Row fields:

- \`file:\` repository-relative path the change depends on. Required.
- \`reason:\` short invariant or invariant-style reason the file exists in the change. Required, ≤ 200 chars.
- \`phase:\` one of \`plan\`, \`apply\`, \`check\`, \`archive\`, or \`all\`. Optional, default \`all\`.
- \`tag:\` free-form label such as \`guard-rail\`, \`invariant\`, \`spec\`, \`convention\`, or \`config\`. Optional.
- \`read:\` either \`full\` (default) or \`range\`. When \`range\`, the row must include \`range:\` as \`[start, end]\` line numbers.

## Input

- **\`$ARGUMENTS\`** (optional): change name. If empty, use most recently proposed change.

## Prerequisites

- \`proposal.md\` exists in change directory and is not a template

## Orchestrator Steps

> These are the steps you (orchestrator) execute in order. \`bp plan\` only outputs these steps — it does not auto-execute. Codebase queries and impact analysis are done by the planner sub-agent.

### Step 1: Resolve change name and paths

If \`$ARGUMENTS\` is empty:
- List \`bp/changes/\` for active changes (not in \`archive/\`)
- If multiple exist, ask the user which one
- If none exist, suggest \`bp propose <name>\`

Change directory: \`bp/changes/$1/\`

### Step 2: Classify change (lightweight vs full)

Read \`proposal.md\` deliverables:
- **Lightweight**: All deliverables are config/docs/refactor/scaffolding (no new behavior)
- **Full**: Any deliverable introduces new behavior

### Step 3: Dispatch planner (Full mode)

**If FULL: dispatch planner sub-agent. Do NOT write design/tasks/specs yourself.**

1. Prepare planner context:
   - Change name and directory path
   - List files to read: proposal.md, bp/specs/<domain>/spec.md (per affected domain), bp/conventions/coding.md, bp/config.yaml
   - Instruction: "Read planner agent prompt, produce design.md, tasks.md, and specs/<domain>/spec.md (delta specs under the change directory, NOT bp/specs/)"

2. Dispatch via task tool:
   - Agent type: bp-planner
   - Fresh context: yes
   - Isolated: no (planner is read-only on source code, writes only to change directory)

   The planner sub-agent will:
   - Query the codebase map (\`bp map list\`, \`bp map module <name>\`, \`bp map impact <module>\`) for module structure and dependencies
   - Perform impact analysis and write \`## Impact Analysis\` section in design.md
   - Produce design.md, tasks.md, and delta specs

3. Wait for planner to complete.

**If LIGHTWEIGHT:**
1. Fetch templates: \`bp template design --stdout\` and \`bp template tasks --stdout\`
2. Fill design.md and tasks.md (1 wave) from templates
3. If any deliverable involves behavioral changes, write delta specs: run \`bp template spec --stdout\` for the format, then create \`specs/<domain>/spec.md\` per affected domain
4. If no behavioral changes, skip delta specs

### Step 4: Review planner output for design quality

Before committing, review the planner's design across FIVE content-quality dimensions. These are NOT format checks (Step 5 handles format) - they assess whether the design is correct, complete, and implementable. A flawed design cascades into implementation failure.

For each dimension, ask the specific questions. If ANY fails, re-dispatch the planner with structured feedback (dimension + specific problem + expected state).

#### Dimension 1: Implementability (can the executor build it without guessing?)

For each DS-N, read its Detailed Design section and ask:
- Are interface signatures complete (parameters, return types, types)?
- For data/state components: are internal state transitions, data structures, and read/write paths described?
- For UI components: are Props, events, and all states (loading/empty/error/success) listed?
- For API/CLI: are parameter validation rules, response format, and error codes specified?
- Are error paths and side effects described (not just the happy path)?
- Does Detailed Design add implementation detail beyond Key Interfaces, or does it just repeat them?

FAIL example: DS-N Detailed Design says only "Implement ThemeContext class" - no state fields, no toggle logic, no persistence strategy. The executor would have to guess everything.

#### Dimension 2: Design Correctness (is the architecture internally consistent?)

- Do DS-N dependencies match the Architecture Diagram's arrows?
- Does the Data Flow section cover every DS-N involved in the flow?
- Do [NEW]/[MODIFIED]/[EXISTING] annotations in the diagram match the File Manifest's Action column?
- Do Core Data Structures match the types used in DS-N Key Interfaces?
- Are there circular dependencies or missing intermediate components?

FAIL example: Architecture Diagram shows DS-2 depends on DS-1, but DS-2's Key Interfaces reference an export that DS-1 does not provide.

#### Dimension 3: Decision Completeness (are all real technical choices recorded?)

Check whether every technical choice with genuine alternatives has a D-N decision record:
- State management approach (Context/Redux/Zustand/...)
- Error handling strategy (try-catch/Result type/either/...)
- Data persistence mechanism (localStorage/IndexedDB/cookie/...)
- Async/concurrency pattern (callbacks/promises/async-await/observables/...)
- Any external dependency introduction (recorded in External Dependencies table?)

For each D-N, verify:
- Reason states the driving constraint/tradeoff (not just "project uses X")
- Alternatives were genuinely considered (not filler like "could also use Y")

FAIL example: Design introduces localStorage persistence but has no D-N deciding "why not cookie/IndexedDB", and no D-N on "sync write vs debounced write".

#### Dimension 4: Impact Completeness (did the planner find all downstream effects?)

- Did the planner run \`bp map impact <module>\` for each modified module? (check the Impact Analysis section references impact queries)
- Direct Impacts: does every File Manifest "Modify" entry appear here with a change description?
- Indirect Impacts: are callers/dependents listed? If a public export's signature changes, Indirect Impacts MUST be non-empty.
- Test Impacts: are existing tests that may break identified?
- Is there a modified public export with empty Indirect Impacts? (likely a missed \`bp map impact\` query)

FAIL example: File Manifest modifies src/core/auth.ts login() signature, but Indirect Impacts is empty (planner didn't run \`bp map impact auth\`).

#### Dimension 5: File Manifest Consistency (does every file trace to a component?)

- Does every DS-N have at least one File Manifest entry with Source: DS-N?
- Does every File Manifest row's Source point to an existing DS-N?
- Are there orphan files (in Manifest but no DS claims them) or orphan components (DS with no files)?
- Any "etc." / "and other files" / "..." vague references? (must be exhaustive)

FAIL example: DS-3 claims responsibility for ThemePersistence, but no File Manifest row has Source: DS-3.

#### If problems found

Re-dispatch the planner with structured feedback per finding:
- Dimension: <1-5 name>
- DS-N / file: <which component or file>
- Problem: <what's wrong>
- Expected: <what the design should show>

After re-dispatch, return to Step 4 to review the updated output. Repeat until the design passes all five dimensions. Do NOT proceed with a flawed design - it will cascade into implementation failures.

### Step 5: Verify output

**Traceability:**
- Every PR-N in proposal.md referenced by at least one DS-N in design.md
- Every DS-N in design.md referenced by at least one T-N in tasks.md
- Every type:behavior task has \`spec_ref\` pointing to delta spec

**Completeness:**
- design.md has: Design Items, Architecture Decisions, Technical Approach, File Manifest, Impact Analysis
- tasks.md has: TDD Type Annotations, at least 1 Wave, Pre-Archive Checklist
- Delta specs exist for affected domain (specs/<domain>/spec.md)
- Delta specs use correct sections (ADDED/MODIFIED/REMOVED)
- File manifest lists every file (no "etc.")

**Structural Completeness** (format checks - content quality is covered in Step 4):
- No template placeholders remaining in any file
- type:behavior tasks have RED descriptions (GIVEN/WHEN/THEN)
- Requirements use SHALL/MUST/SHOULD correctly
- Each requirement has at least 1 scenario

If any check fails: re-dispatch planner with specific feedback on what's missing.

### Step 6: Task granularity check

After planner produces tasks.md, check granularity and warn if too large:

- tasks total > 20 → warn: 'Change may be too large. Consider splitting into multiple changes.'
- files in File Manifest > 15 → warn: 'File manifest exceeds 15 files. Consider splitting.'
- wave count > 5 → warn: 'Excessive wave decomposition. Consolidate independent tasks.'
- single wave task count > 8 → warn: 'Wave too large. Split into multiple waves.'

### Step 7: Commit and suggest next step

\`\`\`bash
# Update roadmap: If the change's proposal.md has \`## Roadmap Reference\`, read \`bp/roadmap.md\`, find the change in that phase's Changes list, and update it to \`- [-] $1 (planned YYYY-MM-DD)\`.
git add bp/changes/$1/
bp commit "docs(plan): design + tasks + delta specs for $1" --files bp/changes/$1/
\`\`\`
  Next: bp apply $1
  (or: bp continue $1)

Output:
\`\`\`
Planner completed for $1
  - design.md: N design items, N decisions
  - tasks.md: N tasks in N wave(s)
  - specs/: N delta spec(s)

  Next: bp apply $1
  (or: bp continue $1)
\`\`\`

## Guardrails

- **Context is auto-injected by the OMP Extension.** Do NOT call \`bp context plan\`; the extension already supplies the same material at every turn.
- **Full mode: MUST dispatch sub-agent.** Do NOT write design/tasks/specs yourself.
- Lightweight mode: write templates directly (no sub-agent needed)
- tasks.md boxes must remain UNCHECKED
- **Review planner output before committing.** If design is flawed, re-dispatch planner — do not proceed with broken design.
- **Task granularity is advisory, not blocking.** Warn on tasks>20/files>15/waves>5/per-wave>8, but let the user decide whether to proceed or split.
- **Level-aware dispatch**: Trivial/Light changes may skip planner sub-agent (orchestrator fills templates directly). Standard/Critical MUST dispatch planner. Critical adds security dimension to design.
",
  "propose": "---
description: Create a change folder with proposal.md
---

**You are the orchestrator — dispatch sub-agents; do not do their work yourself.**

### Context injection (OMP Extension)

Context is auto-injected by the OMP Extension at session_start. Do NOT call \`bp context <step>\` yourself — the extension already provides the same material at every turn.

When reading \`bp/changes/<name>/context.jsonl\`, every row follows the schema:

\`\`\`json
{ "file": "<path>", "reason": "<why>", "phase": "plan|apply|check|archive|all", "tag": "<label>", "read": "full|range", "range": [<start>, <end>] }
\`\`\`

Row fields:

- \`file:\` repository-relative path the change depends on. Required.
- \`reason:\` short invariant or invariant-style reason the file exists in the change. Required, ≤ 200 chars.
- \`phase:\` one of \`plan\`, \`apply\`, \`check\`, \`archive\`, or \`all\`. Optional, default \`all\`.
- \`tag:\` free-form label such as \`guard-rail\`, \`invariant\`, \`spec\`, \`convention\`, or \`config\`. Optional.
- \`read:\` either \`full\` (default) or \`range\`. When \`range\`, the row must include \`range:\` as \`[start, end]\` line numbers.

## Input

- **\`$ARGUMENTS\`** (required): change name (kebab-case)
- **\`--phase <milestone>/<phase>\`** (optional): reference a roadmap phase

## Steps

## Orchestrator Steps

> These are the steps you (orchestrator) execute in order. \`bp propose\` only outputs these steps — it does not auto-execute.

### Step 0: Risk assessment and level assignment

Assess the change's risk level based on scope and failure cost:

- **Trivial**: single file, docs/config/scaffolding only, no behavior change -> inline execution, no sub-agents
- **Light**: 2-5 files, low-risk behavior change, good test coverage -> single agent, TDD optional
- **Standard**: cross-module, new behavior, medium risk (DEFAULT) -> planner + wave executor + triple review
- **Critical**: involves auth/payment/data-consistency/core-path -> full flow + security audit + human approval gate

Auto-assess based on the user's described scope. If --level <X> provided, use that instead.
Write the level to proposal.md's ## Level section.

**If trivial or light**: may skip Step 1 (grill) per existing lightweight logic. Go directly to Step 2 with a minimal proposal derived from the user's one-line description. Fill template directly, no interview.
**If standard or critical**: continue to Step 1 (relentless interview).
**If critical**: flag for security audit in design.md.

### Step 1: Grill the user on requirements (Skip if Step 0 classified as trivial or light) (RELENTLESS - do NOT skip)

Before writing anything, you must reach FULL shared understanding with the user.
This is NOT a checklist. It is a relentless interview that walks every branch of the decision tree,
resolving dependencies between decisions one by one.

Process:
1. Start with what the user described. Map the decision tree in your mind:
   every choice, dependency, edge case, scope boundary, and unknown.
2. Pick the first unresolved branch. Ask ONE focused question about it.
   **Provide your recommended answer** so the user can just confirm or correct.
3. If the question can be answered by exploring the codebase, explore it yourself - do NOT ask the user.
4. After the user answers, check if their answer opened new branches. If so, ask about those next.
5. Repeat until every branch is resolved and you have shared understanding.

What to grill on (walk every branch):
- **Problem**: What problem does this change solve? Why now?
- **Scope**: What is in scope? What is explicitly excluded? Where does this change stop?
- **Deliverables**: What observable behaviors? What inputs/outputs? What error conditions?
- **Approach**: What technical approach? What alternatives were considered? Why this one?
- **Research**: What needs investigation during discussion (libraries, existing code, external projects)? Track these for Step 1b.
- **Edge cases**: What happens when input is invalid? Empty? Concurrent? Large scale?
- **Dependencies**: Does this depend on existing code? Other changes? External services?
- **Constraints**: Performance targets? Library choices? Backwards compatibility?
- **Roadmap context**: If --phase provided, how does this align with the phase goal?

**Hard rules:**
- Ask ONE question at a time. Wait for the answer. Do not batch.
- Always provide a recommended answer when one exists.
- Do NOT proceed to Step 2 until you can describe every deliverable without guessing.
- Do NOT use [ASSUMPTION] tags. If you are about to assume, STOP and ask instead.
- If the user says "use your best judgment" on a specific point, you may proceed without asking.

### Step 1b: Technical research

For non-trivial changes (standard or critical), research the technical landscape
before writing the proposal. This ensures external references and codebase
information are captured in the proposal, not lost after the discussion.

> **Skip this step for trivial/light changes** — go directly to Step 2.

1. **Codebase patterns** — Read relevant source files referenced in discussion.
   What conventions, APIs, or constraints exist?
2. **External projects/references** — If the discussion mentioned specific
   libraries, projects, or documentation URLs, read them. Do NOT rely on
   training data for technical details.
3. **Call-site analysis** — For modifications, use LSP references or grep
   to find current callers of code to be changed.
4. **Web research** — Use web_search for anything unresolved.

**Document as you go.** Keep notes per deliverable — each finding will go into
its PR-N's Research table. If a finding affects multiple PR-Ns, note it for
## Research Landscape instead.

**If you cannot find the information needed**, return to the user with specific
questions: "To confirm the PR-1 approach, I need to check X — found A and B but
not C. Can you point me to C?"

### Step 2: Create change directory

\`\`\`bash
mkdir -p bp/changes/$1
\`\`\`

If \`--phase\` is provided, note the milestone/phase for the proposal's Roadmap Reference section.

### Step 3: Write the detailed proposal

Get the proposal template and fill it based on the discussion and research:

1. Run \`bp template proposal --stdout\` to get the template
2. Fill EVERY section, following these rules:

   **Intent** — Write as much as needed. This is the permanent record of the
   motivation. Include the problem context, why now, and what triggered the change.

   **Scope (In/Out)** — Be precise. "Support GitHub OAuth login" not "improve auth".
   List concrete capabilities in In Scope, explicit exclusions in Out of Scope.

   **Research Landscape** — Use when a single investigation (e.g. reading a library's
   docs) affected multiple PR-Ns. Per-PR-specific findings go in that PR-N's table.
   Skip this section if no cross-cutting research was done.

   **Approach** — High-level strategy. Per-deliverable breakdown goes in each PR-N's
   Rationale section. Write as much as needed.

   **Deliverables (PR-N)** — This is the core. Fill ALL sub-fields for each PR-N:

   - **Behavior**: The SHALL statement — observable capability.
   - **Rationale**: WHY this deliverable exists. Capture what was discussed:
     user pain points, tradeoff conclusions, decision context. This is the
     permanent record — someone reading this 3 months later should understand
     why this choice was made.
   - **Research**: Per-deliverable research findings from Step 1b. What was
     checked, what was found, how it affected the design. Skip if no research
     was needed for this deliverable.
   - **Alternatives Considered**: What else was discussed and why rejected.
     Skip if no alternatives were discussed for this deliverable.
   - **Risks & Mitigations**: Known risks identified during discussion.
     Skip if no risks were identified.
   - **Verify**: How to verify this deliverable works.
   - **Files**: Expected file paths (new or modified).

   **Dependencies** / **Roadmap Reference** — Fill if applicable.

3. Write to \`bp/changes/$1/proposal.md\`

### Step 4: Verify proposal quality

Before finishing, check:
- [ ] Intent clearly states the problem with full context
- [ ] Scope has both In Scope and Out of Scope sections
- [ ] Each PR-N has ALL sub-fields filled (Behavior, Rationale, Verify)
- [ ] Each PR-N has Research filled IF research was done during discussion/Step 1b
- [ ] Each PR-N has Alternatives Considered filled IF alternatives were discussed
- [ ] Each PR-N has Risks & Mitigations filled IF risks were identified
- [ ] Template placeholders replaced — no unreplaced template variables remain
- [ ] PR count <= 5 (if more, suggest splitting)
- [ ] The proposal captures the user's actual requirements, not AI guesswork
- [ ] (Optional) Research Landscape filled IF cross-cutting research was done

### Step 5: Commit and suggest next step

\`\`\`bash
# Update roadmap: If proposal has \`## Roadmap Reference\`, read \`bp/roadmap.md\`, find corresponding phase, add \`- [ ] $1\` to its Changes list if not already present.
git add bp/changes/$1/
bp commit "docs(proposal): $1" --files bp/changes/$1/
\`\`\`

Output:
\`\`\`
Created bp/changes/$1/proposal.md
  Proposal is ready for planning.

  Next: bp plan $1
  (or: bp continue $1)
\`\`\`

## Guardrails

- **ALWAYS discuss with the user before writing.** Do not guess the requirements.
- **ALWAYS research what was discussed.** Step 1b is mandatory for standard/critical changes.
- **DO write the proposal in detail.** The proposal is the permanent record of the
  discussion — lost details cannot be recovered later. Every PR-N's Rationale matters.
- Do NOT create design.md, tasks.md, or specs/ - that's the planner's job
- Do NOT run bp plan automatically - let the user review the proposal first
- If the user wants to skip proposal review and go straight to planning, they can run bp plan $1 directly
- Architecture decisions and technical design come from the planner, not from propose
",
  "refactor": "---
description: Run deterministic refactor analyzer and dispatch refactorer sub-agents per module
---

**You are the orchestrator — dispatch sub-agents; do not do their work yourself.**

### Context injection (OMP Extension)

Context is auto-injected by the OMP Extension at session_start. Do NOT call \`bp context <step>\` yourself — the extension already provides the same material at every turn.

When reading \`bp/changes/<name>/context.jsonl\`, every row follows the schema:

\`\`\`json
{ "file": "<path>", "reason": "<why>", "phase": "plan|apply|check|archive|all", "tag": "<label>", "read": "full|range", "range": [<start>, <end>] }
\`\`\`

Row fields:

- \`file:\` repository-relative path the change depends on. Required.
- \`reason:\` short invariant or invariant-style reason the file exists in the change. Required, ≤ 200 chars.
- \`phase:\` one of \`plan\`, \`apply\`, \`check\`, \`archive\`, or \`all\`. Optional, default \`all\`.
- \`tag:\` free-form label such as \`guard-rail\`, \`invariant\`, \`spec\`, \`convention\`, or \`config\`. Optional.
- \`read:\` either \`full\` (default) or \`range\`. When \`range\`, the row must include \`range:\` as \`[start, end]\` line numbers.

## Input

- **\`$ARGUMENTS\`** (required): target module path (e.g. \`src/core\`) or \`.\` for the whole repository.
- **\`--change <name>\`** (optional): change name passed through to \`bp dispatch refactorer\`.

## Steps

> These are the steps you (orchestrator) execute in order. \`bp refactor\` only outputs these steps — it does not auto-execute.

### Step 1: Run the deterministic analyzer

\`\`\`bash
bp refactor analyze $ARGUMENTS
\`\`\`

The analyzer computes per-module evidence for the four anti-pattern metrics (fragmentation, duplication, flatness, low reuse), writes \`bp/.refactor-report.md\`, and prints a one-line stdout summary. Do NOT replace the analyzer with your own judgment — the report is the only source of evidence.

### Step 2: Show the report and obtain explicit human confirmation

Display \`bp/.refactor-report.md\` to the user and pause for an explicit answer before any dispatch:

- \`yes\` — proceed with all affected modules
- \`no\` — stop the refactor flow
- \`scope: <reduced target>\` — restrict dispatch to the listed modules

Do NOT edit any code before the human confirms.

### Step 3: Dispatch the refactorer per affected module

For each module listed in the report, dispatch one isolated sub-agent:

\`\`\`bash
bp dispatch refactorer --target <module>
\`\`\`

One dispatch per module — the refactorer handles exactly one module and returns control to you.

### Step 4: Refactorer applies behavior-preserving consolidation + spec sync

Each refactorer sub-agent consolidates its assigned module toward deep modules while preserving observable behavior (the test suite stays green), and syncs only the spec files whose contracts reference the changed module.

### Step 5: Summarize the diff

After all dispatches complete, print \`git diff --stat\` plus the list of changed spec files, then return to the user.

## Output

- The analyzer artifact \`bp/.refactor-report.md\` written by Step 1.
- The refactorer's per-module diff summaries and spec-sync list from Steps 4-5.
- A final \`git diff --stat\` summary printed by Step 5.

## Guardrails

- NEVER create change-lifecycle artifacts — refactor is a standalone auxiliary step, not a change proposal.
- NEVER run the plan, apply, review, or archive commands as part of this step.
- NEVER edit code before the human explicitly confirms the report (Step 2).
- NEVER re-judge the metrics — the deterministic analyzer report is the only source of evidence.
- Dispatch exactly ONE module per refactorer call; do not batch modules.
- Spec sync stays inside the affected domains listed in the report.
",
  "roadmap": "---
description: View or modify roadmap.md
---

## Input

- No parameters: operate on the current project

## Steps

### Step 1: Grill the user on project requirements (RELENTLESS - do NOT skip)

Before defining milestones, you must reach FULL shared understanding with the user.
This is NOT a checklist. It is a relentless interview that walks every branch of the decision tree,
resolving dependencies between decisions one by one.

Process:
1. Start with what the user described. Map the decision tree in your mind:
   every feature, priority, dependency, constraint, and unknown.
2. Pick the first unresolved branch. Ask ONE focused question about it.
   **Provide your recommended answer** so the user can just confirm or correct.
3. If the question can be answered by exploring the codebase, explore it yourself - do NOT ask the user.
4. After the user answers, check if their answer opened new branches. If so, ask about those next.
5. Repeat until every branch is resolved and you have shared understanding.

What to grill on (walk every branch):
- **Project goal**: What is this project trying to achieve? What problem does it solve?
- **Target users**: Who will use this? What are their needs? What are their pain points?
- **Key features**: What are the main capabilities? What must be in v1 vs later?
- **Dependencies**: Which features depend on others? What is the build order?
- **Constraints**: Technical, timeline, or resource constraints? Existing tech stack?
- **Existing codebase**: If brownfield, what exists? What needs to change? Extend or rewrite?
- **Edge cases**: What happens at scale? What are the failure modes?
- **Scope boundaries**: What is explicitly NOT being built?

**Hard rules:**
- Ask ONE question at a time. Wait for the answer. Do not batch.
- Always provide a recommended answer when one exists.
- Do NOT proceed to Step 2 until you can describe every phase's deliverables without guessing.
- Do NOT use assumptions. If you are about to assume, STOP and ask instead.
- If the user says "use your best judgment" on a specific point, you may proceed without asking.

### Step 2: Get context

Read \`bp/config.yaml\` and \`bp/specs/\` to understand the project scope, tech stack, and existing behavioral contracts.

### Step 3: Detect roadmap state

Read \`bp/roadmap.md\`. Check if it already has defined milestones (look for \`## Milestone:\` headers that have real content, not template placeholders).

**First time (no milestones defined):**
Continue to Step 4.

**Adding a new milestone (roadmap already exists):**
- Append new milestone(s) BELOW existing milestones, separated by \`---\`
- Keep existing milestones with their status unchanged

### Step 4: Choose planning mode (first time only)

Use \`ask\` to determine the planning mode:

- **MVP mode** (product-facing): each phase delivers user-facing value
- **Technical-layer mode** (infrastructure/CLI): each phase produces a runnable/testable artifact

### Step 5: Define Milestones

**HARD RULE: You MUST fetch the roadmap template by running \`bp template roadmap --stdout\` BEFORE writing \`bp/roadmap.md\`.** The template defines milestone and phase section structure, status tags, and progress summary format. Writing from memory will produce an unparsable roadmap.

Fill the template with milestones based on project requirements.

**Milestones = product releases. Default: exactly ONE milestone covering the entire project.**
Do NOT create extra milestones to organize work — that's what phases are for.

**Only create additional milestones (M2+) for work the user EXPLICITLY mentioned wanting to do
later but that is NOT committed yet** — a vague future intention ("we'll probably do X someday").

- If all discussed work belongs to the same product release → 1 milestone, phases inside it.
- If the user explicitly said "later / someday / v2 idea" about something NOT in current scope
  → create it as a placeholder milestone (Goal/What only, NO phase decomposition).
- NEVER create a milestone just because the project is big or has many phases.
- NEVER create a milestone for work the user never mentioned.

Each milestone is one of two tiers:

- **Discussed milestones** (full structure) — discussion is complete and the milestone is being planned or worked on:
  - Goal / What / Deliverables / Outcomes (concrete)
  - Phases decomposed (P{N}.1, P{N}.2...) with full fields
  - Each phase lists planned changes as structured blocks
  - Key Decisions captured during discussion

- **Future-intention milestones** (placeholder only) — user explicitly mentioned wanting this later, but NOT discussed yet:
  - Goal / What (TBD is OK; fill what's known)
  - Key Decisions discussed for this milestone (if any)
  - **DO NOT decompose into phases or list changes** — that happens after the milestone is discussed and promoted to full structure
  - Rationale: premature decomposition locks in structure that later discussion will overturn.

A real project MAY have one full-structure milestone (M1) plus one or more placeholder milestones
(M2 future) — but the default is a single milestone. Assign each milestone the tier that matches
its actual discussion state.

#### Splitting granularity (applies to full-structure milestones only)

- **Milestone** = one shippable product increment (user-perceptible, independently releasable).
  If two milestones share >50% deliverables, merge them.
- **Phase** = one runnable/testable end-to-end slice. After a phase completes, the system still runs
  and can be independently verified. If two phases are so coupled they can't be verified separately,
  merge them. First phase is always the thinnest end-to-end path.
- **Phase contains MULTIPLE changes.** A phase is a slice of work with several features inside it —
  one phase = one change is wrong. If a phase has only one change, that's an over-split signal:
  merge that phase into a neighboring phase instead of keeping a phase per feature.
- **Change** = one feature. One feature corresponds to one change — do NOT split by task count or
  wave count. If two features have a dependency, annotate \`Depends on\`; do NOT merge them into one
  change just because of the dependency. Inside a change, split by layer dependencies into waves
  and by module/deliverable units into tasks (default 1 wave).

#### Filling each layer (Goal / What / Deliverables / Outcomes)

All three layers (Milestone / Phase / Change) use the same four fields:

- **Goal**: the problem this layer solves or the value it delivers — WHY.
- **What**: the work involved — key areas, approach, constraints. Milestone-level What is a brief
  summary of phase coverage; phase/change-level What should be concrete.
- **Deliverables**: concrete artifacts produced — files, commands, features, tests, docs.
- **Outcomes**: verifiable result — what becomes true after this layer lands.
  Prefer Given/When/Then or an executable command.
  Bad: "improve telemetry"
  Good: "Given any bp command completes, then \`.meta/<timestamp>.json\` exists with fields
  {command, exitCode, durationMs, failureMode?}, and \`bp telemetry export\` outputs it."
  For docs/config-type changes where Given/When/Then is too heavy, a concrete declarative
  statement is acceptable (e.g., "bp/roadmap.md follows the structured-change template").

#### Dependencies

- Phase and Change both fill \`Depends on\`. No dependency → fill \`none\`.
- Parallel phases can share the same \`Depends on\` value.
- Cross-phase change dependencies: fill the change name and its phase id,
  e.g., \`telemetry (P3.1)\`.

**Key Decisions** — As the user discusses technical details (field design, API format, conventions, tech stack choices), write the decisions into the appropriate milestone/phase's \`### Key Decisions\` section. If a decision belongs to a future-milestone, put it there — don't leave it in the current milestone. Format: \`- [P{milestone}.{phase}-KD] {{subject}} — {{decision}} (reason: {{why}}; alt: {{alternatives}})\`. For placeholder milestones without phase decomposition, use milestone-level id: \`[M{N}-KD]\`.

**Planned changes** — For NOT_STARTED phases, list planned changes in \`**Changes**\` as a structured block per change. Each block has four fields: **Goal** (what this change achieves), **What** (work involved — key areas, approach, constraints), **Deliverables** (concrete artifacts produced: files, commands, features, tests), **Outcomes** (verifiable result — what becomes true after this change lands), and **Depends on** (prior change name, or \`none\`). The change name line keeps the \`- [ ] name (proposed date)\` format so \`bp archive\` can mark it \`[x]\`; the five fields are indented sub-items below it. This helps planners understand the scope and verifiable outcomes without re-reading the full discussion.

**Changes** — Already existing or proposed changes get \`**Changes**\` with checkbox + status + structured block (Goal/What/Deliverables/Outcomes/Depends on).

**Future Considerations** — During discussion, items may come up that don't fit any defined milestone. Record these in the \`## Future Considerations\` section so they aren't lost. Promote to a new milestone when scope solidifies.

### Step 6: Validate

Check before finishing:
- All project requirements from Step 1 discussion are covered by some milestone (full-structure phase, placeholder goal, or Future Considerations)
- Full-structure milestones: phase dependencies form a DAG (no cycles); \`Depends on\` is filled for every phase and change
- Placeholder milestones: NOT decomposed into phases (only Goal/What/Deliverables/Outcomes + Key Decisions)
- Each full-structure phase and change has concrete, verifiable Outcomes (not vague descriptions)
- Phase status is consistent: all changes \`[x]\` → phase COMPLETED; any \`[ ]\` → IN_PROGRESS/NOT_STARTED
- The \`[STATUS]\` tag in the phase heading line matches the \`**Status**\` attribute line
- Milestone count: default 1 — only add M2+ for user-expressed future intentions
- Every full-structure phase contains MULTIPLE changes; a phase with a single change is an over-split signal (merge into a neighbor phase)
- First phase of each full-structure milestone is always the thinnest possible end-to-end path
- No template placeholders remaining

#### Progress Summary calculation

- Phases column:
  - Full-structure milestone: \`<completed>/<total>\` (total = count of \`### Phase:\` lines under this milestone; completed = COMPLETED count)
  - Placeholder milestone: \`-/-\` (not decomposed)
- Changes column:
  - Full-structure milestone: \`<archived>/<total>\` (archived = \`[x]\` count; total = \`[x]\` + \`[ ]\`)
  - Placeholder milestone: \`-/-\` (not decomposed)
  - Never write "planned" — always numeric form or \`-/-\`
- Status column: the milestone's \`**Status**\` value.

## Output

- \`bp/roadmap.md\` — structured roadmap with milestone and phase info

## Guardrails

- **Milestones = product releases. Default: exactly ONE milestone.** No "foundation", "setup", "scaffolding" — M1 = first shippable increment.
- **Only add M2+ for user-expressed future intentions** ("later/someday/v2 idea"). Never split milestones to organize phases.
- **A phase contains MULTIPLE changes.** One change per phase = over-split, merge into a neighbor phase.
- **Capture partial knowledge.** If decisions were discussed for a future milestone, write them there. Fuzzy is OK.
- **Future Considerations** for items discussed but not milestone-assigned yet.
- Mode (MVP/technical-layer) shapes phases within a milestone, not the milestones themselves.
- First phase = thinnest end-to-end path (always first phase, never "phase 0").
- **Adding new milestone**: append new ones below existing, don't overwrite.
- Do NOT create milestone directories — v2 uses roadmap.md as the single tracking document.
",
}
`;
