// Vitest Snapshot v1, https://vitest.dev/guide/snapshot.html

exports[`generateCodexHooks > matches the documented snapshot 1`] = `
"{
  "hooks": {
    "SessionStart": [
      {
        "hooks": [
          {
            "type": "command",
            "command": "node .codex/hooks/bp-handler.mjs SessionStart"
          }
        ]
      }
    ],
    "SessionStop": [
      {
        "hooks": [
          {
            "type": "command",
            "command": "node .codex/hooks/bp-handler.mjs SessionStop"
          }
        ]
      }
    ],
    "UserPromptSubmit": [
      {
        "hooks": [
          {
            "type": "command",
            "command": "node .codex/hooks/bp-handler.mjs UserPromptSubmit"
          }
        ]
      }
    ],
    "PreToolUse": [
      {
        "hooks": [
          {
            "type": "command",
            "command": "node .codex/hooks/bp-handler.mjs PreToolUse"
          }
        ],
        "matcher": "Bash"
      }
    ],
    "PostToolUse": [
      {
        "hooks": [
          {
            "type": "command",
            "command": "node .codex/hooks/bp-handler.mjs PostToolUse"
          }
        ],
        "matcher": "Bash"
      }
    ]
  }
}
"
`;
