// Vitest Snapshot v1, https://vitest.dev/guide/snapshot.html

exports[`generateAgentSkills > generates matching snapshot 1`] = `
{
  "apply": "---
name: bp-apply
description: Code implementation
hide: false
---

**You are the orchestrator — dispatch sub-agents; do not do their work yourself.**

### Context injection (OMP Extension)

Context is auto-injected by the OMP Extension at session_start. Do NOT call \`bp context <step>\` yourself — the extension already provides the same material at every turn.

When reading \`bp/changes/<name>/context.jsonl\`, every row follows the schema:

\`\`\`json
{ "file": "<path>", "reason": "<why>", "phase": "plan|apply|review|archive|all", "tag": "<label>", "read": "full|range", "range": [<start>, <end>] }
\`\`\`

Row fields:

- \`file:\` repository-relative path the change depends on. Required.
- \`reason:\` short invariant or invariant-style reason the file exists in the change. Required, ≤ 200 chars.
- \`phase:\` one of \`plan\`, \`apply\`, \`review\`, \`archive\`, or \`all\`. Optional, default \`all\`.
- \`tag:\` free-form label such as \`guard-rail\`, \`invariant\`, \`spec\`, \`convention\`, or \`config\`. Optional.
- \`read:\` either \`full\` (default) or \`range\`. When \`range\`, the row must include \`range:\` as \`[start, end]\` line numbers.

## Input

- **\`$ARGUMENTS\`** (optional): change name. If empty, use the most recently planned change.
- **\`--fix\`** (optional): fix mode — executors read review.md issues and fix them.

## Prerequisites

- \`design.md\` exists and is not a template
- \`tasks.md\` exists, has at least 1 wave, checkboxes are unchecked (normal mode)
- Delta specs exist for each affected domain
- In --fix mode: \`review.md\` exists with unresolved R/Q/G issues

## Steps

## Orchestrator Steps

> These are the steps you (orchestrator) execute in order. \`bp apply\` only outputs these steps — it does not auto-execute. Implementation is done by executor sub-agents.

### Step 1: Resolve change name and paths

Same as plan workflow Step 1.

### Step 2: Classify change (lightweight vs full)

Read \`tasks.md\` task types:
- **Lightweight**: ALL tasks are type:config|docs|refactor|scaffolding (no type:behavior)
- **Full**: any type:behavior task

### Step 3: Wave analysis (Full mode)

Read \`tasks.md\` and parse into execution plan:

1. **Extract waves**: Read all \`## Wave N: <theme>\` sections. Keep wave order.

2. **Build inter-wave dependency graph**:
   - For each task, extract \`depends_on\` field
   - If task in Wave B has \`depends_on\` referencing a task in Wave A -> Wave B depends on Wave A
   - Result: DAG where nodes = waves, edges = cross-wave depends_on

3. **File manifest overlap check**:
   - For each pair of waves in the same round, compare their tasks' \`files\` fields
   - If two waves modify the SAME file, they CANNOT run concurrently
   - Force overlapping waves into the same wave (serial within one sub-agent) or sequential rounds
   - This prevents merge conflicts when isolated worktrees merge back

4. **Generate execution plan**:

   - Waves with NO unmet cross-wave dependencies -> can run concurrently
   - Waves WITH cross-wave dependencies -> must wait for predecessor wave(s)

5. **For each wave, prepare executor dispatch prompt**:
   - Change name and directory path
   - Wave number and which task IDs (T-N) are in this wave
   - Summary of completed tasks from prior waves: task ID, title, files, key public interfaces
   - In --fix mode: which R/Q/G issue numbers are assigned to this wave

   **CRITICAL: Do NOT inject file contents into the dispatch prompt.**
   The executor has \`read\` tool access and will read these files itself:
   - tasks.md (for task details, RED tests, acceptance criteria)
   - design.md (for DS-N technical context)
   - specs/<domain>/spec.md (for delta specs)
   - bp/conventions/coding.md (for coding conventions)
   - review.md (in --fix mode, for issue details)

   Providing paths saves tokens and prevents the orchestrator from biasing
   the executor with its interpretation of the content.

### Step 4: Dispatch executor waves (Full mode)

**Execute round by round:**

Each round:
1. Identify waves with no unmet dependencies -> ready to run
2. Dispatch ALL ready waves CONCURRENTLY (one task tool call per wave, all in one batch)
   - Each wave gets its own executor sub-agent
   - Agent type: bp-executor
   - Fresh context: yes
   - Isolated: yes (executors modify source files and make git commits concurrently)
3. Wait for ALL waves in this round to complete

**After each round, verify each wave's output:**

For each completed wave:
1. **Check git log**: \`git log --oneline -5\` - confirm new commits exist with correct hashes
2. **Check git diff**: \`git diff --stat HEAD~N\` - confirm files actually changed (not no-op)
3. **Check tasks.md**: confirm tasks marked [x] with \`<!-- commit: HASH -->\` annotation
4. **Run wave's tests**: run the project's test command for <test-files> - confirm tests pass
5. **If any task missing commit annotation**: re-run that task manually or re-dispatch

**If any wave fails verification:**
- Re-dispatch the failed wave with specific feedback
- Do NOT proceed to next round until all waves in current round pass

**After all rounds complete:**
1. Run the project's build check and full test suite (per bp/config.yaml stack)
2. If failures: identify which wave caused them, re-dispatch with fix instructions
3. If all pass: mark the \`## Pre-Archive Checklist\` in \`tasks.md\`:
   - \`- [ ] type-check/build passes\` → \`- [x]\`
   - \`- [ ] test suite passes - all suites green\` → \`- [x]\`
   - \`- [ ] Every task in every wave is marked [x] with a commit hash\` → \`- [x]\` (verify this first)
   - \`- [ ] All wave acceptance criteria confirmed\` → \`- [x]\`
   (Skip \`No template placeholders\` — that's verified by the planner during planning.)

# Record execution metadata (v2.1 P5)
# Orchestrator should write .meta/executor-wave-N.json after executor completes

### Step 5: Lightweight mode (if classified as lightweight)

If all tasks are non-behavior:
1. Implement tasks yourself, one by one
2. After each task: run relevant tests, commit with \`bp commit\` or direct git
3. Mark [x] with commit hash in tasks.md
4. After all tasks: run full test suite
5. Mark the \`## Pre-Archive Checklist\` in tasks.md (same as Step 4 item 3)

### Step 6: Commit and suggest next step

\`\`\`bash
# Update roadmap: If the change is linked to a roadmap phase, update it to \`- [-] $1 (implemented YYYY-MM-DD)\`.
git add bp/changes/$1/
bp commit "feat: implementation complete for $1" --files bp/changes/$1/
\`\`\`
  Next: bp review $1
  (or: bp continue $1)

Output:
\`\`\`
Implementation complete for $1
  - N tasks implemented in N wave(s)
  - N commits created
  - All tests pass

  Next: bp review $1
  (or: bp continue $1)
\`\`\`

## Guardrails

- **Context is auto-injected by the OMP Extension.** Do NOT call \`bp context apply\`; the extension already supplies the same material at every turn.
- **Full mode: MUST dispatch sub-agents per wave.** Do NOT implement behavior tasks yourself.
- **Concurrent waves in the same round: dispatch ALL in one task tool call (parallel).**
- **After each wave: verify git log, tasks.md marking, test pass.** No-op or incomplete = failure.
- **NEVER skip review.** Apply's test pass is NOT a replacement for review.
- In --fix mode: executors read review.md, fix R/Q/G issues, then mark each issue \`[ ]\` → \`[~]\` (\`~\` = fixed, pending verification). Do NOT mark \`[x]\` — that's the re-review's job. Do NOT fix D issues (those need replan).
- Do NOT run bp review automatically - let the user decide.
- **Wave retry limit: max 2 re-dispatches per wave (global cap: config.budget.max_subagent_runs, default 5).** If a wave fails verification 2 times after re-dispatch with specific feedback, STOP and report as blocker. Do not re-dispatch indefinitely.
- **Budget awareness (v2.1 P0)**: Track sub-agent dispatch count against config.budget.max_subagent_runs (default 5). Track wall time against config.budget.max_wall_time_min (default 60). If estimated token usage approaches config.budget.estimated_token_cap (default 500000), warn. These are advisory — stop and report if exceeded.
- **Level-aware execution**: Trivial = inline (no sub-agent). Light = single agent, TDD optional. Standard = wave + TDD. Critical = wave + TDD + security audit checkpoint.
",
  "archive": "---
name: bp-archive
description: Verify and archive
hide: false
---

## Input

- **\`$ARGUMENTS\`** (optional): change name. If empty, use the most recently reviewed change.

## Prerequisites

- \`review.md\` exists and Overall Verdict is PASS
- No unresolved issues in review.md \`## Issues\` section

## Steps

## Orchestrator Steps

> These are the steps you (orchestrator) execute in order. \`bp archive\` only outputs these steps — it does not auto-execute. Actual archive is done by \`bp finalize\`.

### Step 1: Resolve change name and paths

Same as plan workflow Step 1.

### Step 2: Pre-archive check (optional but recommended)

Read \`bp/changes/$1/review.md\`:
- Check Overall Verdict is PASS
- Check \`## Issues\` section has no \`- [ ]\` entries (all should be [x] or empty)
- Run \`git status --porcelain\` — if there are uncommitted changes outside bp/, warn the user. Uncommitted half-done code may get archived alongside the change.

If review is not PASS:
\`\`\`
Cannot archive: review not passed
  Verdict: FAIL/NEEDS_REVISION
  Unresolved issues: N

  Fix issues first: bp apply --fix $1
\`\`\`

### Step 3: Run finalize command

The \`bp finalize\` command handles everything: review verification, delta spec merge, change directory move, and roadmap update.

\`\`\`bash
bp finalize $1
\`\`\`

The command will:
1. Verify review.md verdict is PASS and no unresolved issues
2. Gate context.jsonl validity for archive phase
3. Merge each delta spec (\`specs/<domain>/spec.md\`) into global spec (\`bp/specs/<domain>/spec.md\`) via mergeDeltaSpec
4. Move change directory to \`bp/changes/archive/<date>-$1/\`
5. Update \`bp/roadmap.md\` if proposal has \`## Roadmap Reference\`

If the command reports a merge conflict, resolve it in the delta spec and re-run.

### Step 4: Verify archive success

Check the following after the command completes:

1. **Archive directory exists**: \`bp/changes/archive/<date>-$1/\` exists and contains all artifacts (proposal.md, design.md, tasks.md, specs/, review.md)
2. **Source directory removed**: \`bp/changes/$1/\` no longer exists
3. **Delta specs merged**: For each domain in the change's \`specs/\`:
   - ADDED requirements appear in \`bp/specs/<domain>/spec.md\`
   - REMOVED requirements are gone from \`bp/specs/<domain>/spec.md\`
   - MODIFIED requirements are replaced in \`bp/specs/<domain>/spec.md\`
4. **Roadmap updated** (if proposal had \`## Roadmap Reference\`): the change is marked \`- [x]\` in \`bp/roadmap.md\`
5. **No conflict residue**: the command output shows no merge conflict errors

If any check fails, investigate — the archive command may have partially completed.

### Step 5: Commit changes

The archive command does NOT run git commit. Commit the merged specs, roadmap, and archived change:

\`\`\`bash
bp commit "archive: $1 - specs merged, roadmap updated" --files bp/specs/ bp/roadmap.md bp/changes/
\`\`\`

### Step 6: Suggest next step

Output:
\`\`\`
Archived $1
  - Delta specs merged into bp/specs/
  - Change moved to bp/changes/archive/<date>-$1/
  - Roadmap updated

  Next: bp continue (or: bp propose <new-change>)
\`\`\`

## Guardrails

- **Review must PASS before archive.** The archive command enforces this, but pre-checking saves a failed command.
- **If merge conflict occurs**, resolve in the delta spec (change directory) and re-run \`bp finalize $1\`. Do NOT edit global specs directly.
- **Archive preserves full context.** All artifacts move to archive together.
- **Post-archive drift check**: After archive, consider running bp spec refresh --check to detect if the merged specs still match code reality.
- **CI mode (--ci)**: Skip working-tree warnings and post-archive suggestions. Exit 0 on success, 1 on any failure.
- **Commit is the orchestrator's job** — the archive command does not commit.
",
  "continue": "---
name: bp-continue
description: Check progress and suggest next step
hide: false
---

## Input

- **\`$ARGUMENTS\`** (optional): change name. If empty, the CLI auto-detects.

## Note

> \`bp continue\` auto-detects progress and outputs the next step's workflow instructions. Follow the instructions it outputs.

## What to do

Run the CLI command:

\`\`\`bash
bp continue $ARGUMENTS
\`\`\`

The CLI runs schema-driven detection in code and outputs:
1. Current artifact status (proposal/design/tasks/specs/review existence + task completion count)
2. Next recommended step (command + description)
3. Full workflow instructions for the next step

**Follow the CLI output.** Do not manually check files or determine the next step yourself - the code does it.

## When to use

- After \`bp init\` (CLI detects empty roadmap -> suggests bp roadmap)
- After any step completes (CLI detects next step based on schema)
- When unsure what to do next (CLI shows current progress)

## Guardrails

- The CLI does ALL detection. You just follow its output.
- If the CLI says "Next: bp plan <name>", run the plan workflow instructions it outputs.
- If multiple active changes exist, the CLI lists them. Pick one and re-run \`bp continue <name>\`.
",
  "ff": "---
name: bp-ff
description: Fast-forward: auto-advance through all steps
hide: false
---

## Input

- **\`$ARGUMENTS\`** (optional): change name. If empty, starts from current project state.

## Note

> \`bp ff\` / \`bp loop\` auto-advance through steps by calling \`bp continue\` after each. Follow the instructions each \`bp continue\` outputs.

## What to do

Fast-forward: execute the current step, then auto-call \`bp continue\` to get the next step, then execute that. Repeat until complete.

### Loop

For each iteration:

1. **Get current step**: \`\`\`bash
   bp continue $ARGUMENTS
   \`\`\`
   The CLI outputs the next step's full workflow instructions.

2. **Execute those instructions** — dispatch sub-agents, write files, run code, etc. as the instructions describe.

3. **After the step completes**, return to step 1.

4. **Stop when**:
   - \`bp continue\` shows no more actionable steps (no active changes, roadmap has no \`[ ]\` items)
   - OR an unrecoverable error occurs (report it and stop)

### Constraints

- Respect all gates: \`bp review\` must PASS before \`bp archive\`; design issues (D-prefixed) route to \`bp plan --fix\`; code issues route to \`bp apply --fix\`.
- You MAY ask the user clarifying questions if truly blocked (e.g. ambiguous requirement). But default to proceeding with the most reasonable interpretation.
- Each \`bp continue\` invocation is independent — it re-checks artifact state.
- Report progress to the user after each iteration.

## Guardrails

- Do NOT skip the review gate.
- Do NOT auto-archive if review verdict is FAIL or NEEDS_REVISION.
- If \`bp continue\` suggests a fix loop (plan --fix or apply --fix), execute that fix loop before continuing.
- If a step is unclear or the output is unexpected, stop and ask the user.
",
  "init": "---
name: bp-init
description: Initialize bp project structure and generate platform files
hide: false
---

## Input

- User has already run \`bp init\`. All project settings are configured.
- \`bp/config.yaml\` exists and is fully configured.

## Steps

## Orchestrator Steps

> These are the steps you (orchestrator) execute in order. \`bp init\` only outputs these steps — it does not auto-execute.

### Step 1: Check project type

Read \`bp/config.yaml\` - check the \`brownfield\` field.

**Greenfield (\`brownfield: false\`):**
Continue to Step 2.

**Brownfield (\`brownfield: true\`):**
Skip to Step 3.

### Step 2: Write coding conventions (greenfield)

Read \`bp/conventions/coding.md\`. If it is empty or only has a template header, fill it in based on the tech stack from \`bp/config.yaml\`:

- Read \`bp/config.yaml\` for tech stack context
- Read the project root for config files (tsconfig.json, eslint.config.js, etc.)
- Write conventions covering:
  - **Naming**: file naming (kebab-case), function naming (camelCase), type naming (PascalCase), constants (UPPER_SNAKE_CASE)
  - **Code style**: indentation, quotes, semicolons, max line length (from project config)
  - **Imports**: ordering, path aliases, barrel exports
  - **Error handling**: try/catch pattern, error types, logging
  - **Testing**: test framework, file naming (*.test.ts), test structure (describe/it)
  - **Types**: strictness level, type vs interface preference

No need to ask the user - derive conventions from the project's existing config files and tech stack.

### Step 3: Brownfield scan (brownfield only)

Dispatch a **codebase-scanner** sub-agent to analyze the existing codebase and extract behavioral contracts into \`bp/specs/\`.

1. Prepare scanner context:
   - Project root directory path
   - bp/config.yaml path
   - Instruction: "Read the codebase-scanner agent prompt, then scan the source code and write spec files to bp/specs/<domain>/spec.md"

2. Dispatch via task tool:
   - Agent type: bp-codebase-scanner (or default task agent with codebase-scanner prompt injected)
   - Fresh context: yes
   - Isolated: no (scanner is read-only on source code, writes only to bp/specs/)

3. Wait for scanner to complete.

4. Verify output:
   - Check that \`bp/specs/\` has at least 1 domain directory with spec.md
   - Each spec.md has ## Purpose and ## Requirements sections
   - Each requirement uses SHALL/MUST and has at least 1 scenario

### Step 4: Verify coding conventions

Check \`bp/conventions/coding.md\`:
- Has real content (not just template header)
- Covers naming, code style, imports, error handling, testing
- It is written to bp/conventions/coding.md

### Step 3b: Verify codebase map (v2.1 P4)

Check that \`bp/.codebase-map.json\` exists (run \`bp map refresh\` if missing). The planner queries the map on-demand via \`bp map list\` and \`bp map module <name>\` during plan.

### Step 5: Suggest next step

Suggest running \`bp continue\`:

\`\`\`
Project initialized. Run \`bp continue\` to check project status and discover next steps.
\`\`\`

## Guardrails

- NEVER re-ask configuration questions - the init CLI already handled profile, platform, etc.
- NEVER run \`bp init\` or \`bp update\` - user did this already
- Brownfield: dispatch codebase-scanner sub-agent. Do NOT scan code yourself.
- Greenfield: write coding conventions into bp/conventions/coding.md, verify specs exist
- ALWAYS suggest \`bp continue\`
",
  "loop": "---
name: bp-loop
description: Autonomous loop: auto-advance with no user interaction
hide: false
---

## Input

- **\`$ARGUMENTS\`** (optional): change name. If empty, starts from current project state.

## Note

> \`bp ff\` / \`bp loop\` auto-advance through steps by calling \`bp continue\` after each. Follow the instructions each \`bp continue\` outputs.

## What to do

Autonomous loop: same as \`/bp:ff\` but **skip ALL user interaction**. Run until the roadmap has no remaining \`[ ]\` items.

### Loop

For each iteration:

1. **Get current step**: \`\`\`bash
   bp continue $ARGUMENTS
   \`\`\`
   The CLI outputs the next step's full workflow instructions.

2. **Execute those instructions WITHOUT asking the user anything.** Make the most reasonable interpretation and proceed. If the instructions say to use \`ask\`, you must SKIP that ask step and use sensible defaults instead.

3. **After the step completes**, return to step 1.

4. **Stop when**:
   - The roadmap has no \`[ ]\` items (all milestones shipped, all phases completed, all changes archived)
   - OR an unrecoverable error occurs (report it and stop)

### NO INTERACTION — CRITICAL

- Do NOT call \`ask\` for anything.
- Do NOT use \`ask_user_question\`.
- Do NOT pause to ask the user.
- For requirement questions in roadmap/propose: use the most reasonable defaults, document your assumption in the artifact, and continue.
- For ambiguous tool output: log a note, make your best guess, and continue.
- Only stop on hard errors (test failures that can't be fixed in 1 attempt, unrecoverable build errors).

## Guardrails

- Do NOT skip the review gate.
- Do NOT auto-archive if review verdict is FAIL or NEEDS_REVISION — but DO still attempt \`bp apply --fix\` once. If that doesn't resolve, stop and report.
- If \`bp continue\` suggests a fix loop, execute it.
- Report progress concisely after each iteration.
- When done, summarize what was completed.
",
  "plan": "---
name: bp-plan
description: Change design
hide: false
---

**You are the orchestrator — dispatch sub-agents; do not do their work yourself.**

### Context injection (OMP Extension)

Context is auto-injected by the OMP Extension at session_start. Do NOT call \`bp context <step>\` yourself — the extension already provides the same material at every turn.

When reading \`bp/changes/<name>/context.jsonl\`, every row follows the schema:

\`\`\`json
{ "file": "<path>", "reason": "<why>", "phase": "plan|apply|review|archive|all", "tag": "<label>", "read": "full|range", "range": [<start>, <end>] }
\`\`\`

Row fields:

- \`file:\` repository-relative path the change depends on. Required.
- \`reason:\` short invariant or invariant-style reason the file exists in the change. Required, ≤ 200 chars.
- \`phase:\` one of \`plan\`, \`apply\`, \`review\`, \`archive\`, or \`all\`. Optional, default \`all\`.
- \`tag:\` free-form label such as \`guard-rail\`, \`invariant\`, \`spec\`, \`convention\`, or \`config\`. Optional.
- \`read:\` either \`full\` (default) or \`range\`. When \`range\`, the row must include \`range:\` as \`[start, end]\` line numbers.

## Input

- **\`$ARGUMENTS\`** (optional): change name. If empty, use most recently proposed change.
- **\`--fix\`** (optional): fix mode — planner reads review.md D-issues and redesigns.

## Prerequisites

- \`proposal.md\` exists in change directory and is not a template

## Orchestrator Steps

> These are the steps you (orchestrator) execute in order. \`bp plan\` only outputs these steps — it does not auto-execute. Codebase queries and impact analysis are done by the planner sub-agent.

### Step 1: Resolve change name and paths

If \`$ARGUMENTS\` is empty:
- List \`bp/changes/\` for active changes (not in \`archive/\`)
- If multiple exist, ask the user which one
- If none exist, suggest \`bp propose <name>\`

Change directory: \`bp/changes/$1/\`

### Step 2: Classify change (lightweight vs full)

Read \`proposal.md\` deliverables:
- **Lightweight**: All deliverables are config/docs/refactor/scaffolding (no new behavior)
- **Full**: Any deliverable introduces new behavior

### Step 3: Dispatch planner (Full mode)

**If FULL: dispatch planner sub-agent. Do NOT write design/tasks/specs yourself.**

1. Prepare planner context:
   - Change name and directory path
   - List files to read: proposal.md, bp/specs/<domain>/spec.md (per affected domain), bp/conventions/coding.md, bp/config.yaml
   - Instruction: "Read planner agent prompt, produce design.md, tasks.md, and specs/<domain>/spec.md (delta specs under the change directory, NOT bp/specs/)"
   - In --fix mode: also include review.md, focus on D-prefixed issues

2. Dispatch via task tool:
   - Agent type: bp-planner
   - Fresh context: yes
   - Isolated: no (planner is read-only on source code, writes only to change directory)

   The planner sub-agent will:
   - Query the codebase map (\`bp map list\`, \`bp map module <name>\`, \`bp map impact <module>\`) for module structure and dependencies
   - Perform impact analysis and write \`## Impact Analysis\` section in design.md
   - Produce design.md, tasks.md, and delta specs

3. Wait for planner to complete.

**If LIGHTWEIGHT:**
1. Fill design.md template directly
2. Fill tasks.md with 1 wave
3. No delta specs needed (no behavioral changes)

### Step 4: Review planner output

Before committing, review the planner's design for soundness:

1. Read \`design.md\` — are DS-N components well-decomposed? Is the architecture sound?
2. Read \`tasks.md\` — are tasks properly split? Are TDD types correct? Are waves well-organized?
3. Read \`specs/<domain>/spec.md\` — are requirements well-written? Do scenarios cover edge cases?
4. Check \`## Impact Analysis\` section in design.md — did the planner identify all affected modules?

**If problems found: re-dispatch planner with specific feedback on what to fix. After re-dispatch, return to Step 4 to review the updated output. Repeat this review loop until the design is sound.** Do NOT proceed with a flawed design — it will cascade into implementation failures.

### Step 5: Verify output

**Traceability:**
- Every PR-N in proposal.md referenced by at least one DS-N in design.md
- Every DS-N in design.md referenced by at least one T-N in tasks.md
- Every type:behavior task has \`spec_ref\` pointing to delta spec

**Completeness:**
- design.md has: Design Items, Architecture Decisions, Technical Approach, File Manifest, Impact Analysis
- tasks.md has: TDD Type Annotations, at least 1 Wave, Pre-Archive Checklist
- Delta specs exist for affected domain (specs/<domain>/spec.md)
- Delta specs use correct sections (ADDED/MODIFIED/REMOVED)
- File manifest lists every file (no "etc.")

**Quality:**
- No template placeholders remaining in any file
- DS-N components have clear single responsibility
- D-N decisions have real alternatives
- type:behavior tasks have RED descriptions (GIVEN/WHEN/THEN)
- Requirements use SHALL/MUST/SHOULD correctly
- Each requirement has at least 1 scenario

If any check fails: re-dispatch planner with specific feedback on what's missing.

### Step 6: Task granularity check (v2.1 P0)

After planner produces tasks.md, check granularity and warn if too large:

- tasks total > 20 → warn: 'Change may be too large. Consider splitting into multiple changes.'
- files in File Manifest > 15 → warn: 'File manifest exceeds 15 files. Consider splitting.'
- wave count > 5 → warn: 'Excessive wave decomposition. Consolidate independent tasks.'
- single wave task count > 8 → warn: 'Wave too large. Split into multiple waves.'

### Step 7: Commit and suggest next step

\`\`\`bash
# Update roadmap: If the change's proposal.md has \`## Roadmap Reference\`, read \`bp/roadmap.md\`, find the change in that phase's Changes list, and update it to \`- [-] $1 (planned YYYY-MM-DD)\`.
git add bp/changes/$1/
bp commit "docs(plan): design + tasks + delta specs for $1" --files bp/changes/$1/
\`\`\`
  Next: bp apply $1
  (or: bp continue $1)

Output:
\`\`\`
Planner completed for $1
  - design.md: N design items, N decisions
  - tasks.md: N tasks in N wave(s)
  - specs/: N delta spec(s)

  Next: bp apply $1
  (or: bp continue $1)
\`\`\`

## Guardrails

- **Context is auto-injected by the OMP Extension.** Do NOT call \`bp context plan\`; the extension already supplies the same material at every turn.
- **Full mode: MUST dispatch sub-agent.** Do NOT write design/tasks/specs yourself.
- Lightweight mode: write templates directly (no sub-agent needed)
- tasks.md boxes must remain UNCHECKED
- In --fix mode: planner only redesigns — does NOT modify tasks.md or specs
- **Review planner output before committing.** If design is flawed, re-dispatch planner — do not proceed with broken design.
- **Task granularity is advisory, not blocking.** Warn on tasks>20/files>15/waves>5/per-wave>8, but let the user decide whether to proceed or split.
- **Level-aware dispatch**: Trivial/Light changes may skip planner sub-agent (orchestrator fills templates directly). Standard/Critical MUST dispatch planner. Critical adds security dimension to design.
",
  "propose": "---
name: bp-propose
description: Create a change folder with proposal.md
hide: false
---

## Input

- **\`$ARGUMENTS\`** (required): change name (kebab-case)
- **\`--phase <milestone>/<phase>\`** (optional): reference a roadmap phase

## Steps

## Orchestrator Steps

> These are the steps you (orchestrator) execute in order. \`bp propose\` only outputs these steps — it does not auto-execute.

### Step 0: Risk assessment and level assignment (v2.1 P1)

Assess the change's risk level based on scope and failure cost:

- **Trivial**: single file, docs/config/scaffolding only, no behavior change -> inline execution, no sub-agents
- **Light**: 2-5 files, low-risk behavior change, good test coverage -> single agent, TDD optional
- **Standard**: cross-module, new behavior, medium risk (DEFAULT) -> planner + wave executor + triple review
- **Critical**: involves auth/payment/data-consistency/core-path -> full flow + security audit + human approval gate

Auto-assess based on the user's described scope. If --level <X> provided, use that instead.
Write the level to proposal.md's ## Level section.

**If trivial or light**: may skip Step 1 (grill) per existing lightweight logic. Go directly to Step 2 with a minimal proposal derived from the user's one-line description. Fill template directly, no interview.
**If standard or critical**: continue to Step 1 (relentless interview).
**If critical**: flag for security audit in design.md.

### Step 1: Grill the user on requirements (Skip if Step 0 classified as trivial or light) (RELENTLESS - do NOT skip)

Before writing anything, you must reach FULL shared understanding with the user.
This is NOT a checklist. It is a relentless interview that walks every branch of the decision tree,
resolving dependencies between decisions one by one.

Process:
1. Start with what the user described. Map the decision tree in your mind:
   every choice, dependency, edge case, scope boundary, and unknown.
2. Pick the first unresolved branch. Ask ONE focused question about it.
   **Provide your recommended answer** so the user can just confirm or correct.
3. If the question can be answered by exploring the codebase, explore it yourself - do NOT ask the user.
4. After the user answers, check if their answer opened new branches. If so, ask about those next.
5. Repeat until every branch is resolved and you have shared understanding.

What to grill on (walk every branch):
- **Problem**: What problem does this change solve? Why now?
- **Scope**: What is in scope? What is explicitly excluded? Where does this change stop?
- **Deliverables**: What observable behaviors? What inputs/outputs? What error conditions?
- **Approach**: What technical approach? What alternatives were considered? Why this one?
- **Edge cases**: What happens when input is invalid? Empty? Concurrent? Large scale?
- **Dependencies**: Does this depend on existing code? Other changes? External services?
- **Constraints**: Performance targets? Library choices? Backwards compatibility?
- **Roadmap context**: If --phase provided, how does this align with the phase goal?

**Hard rules:**
- Ask ONE question at a time. Wait for the answer. Do not batch.
- Always provide a recommended answer when one exists.
- Do NOT proceed to Step 2 until you can describe every deliverable without guessing.
- Do NOT use [ASSUMPTION] tags. If you are about to assume, STOP and ask instead.
- If the user says "use your best judgment" on a specific point, you may proceed without asking.

### Step 2: Create change directory

\`\`\`bash
mkdir -p bp/changes/$1
\`\`\`

If \`--phase\` is provided, note the milestone/phase for the proposal's Roadmap Reference section.

### Step 3: Write proposal

Get the proposal template and fill it based on the discussion:

1. Run \`bp template proposal --stdout\` to get the template
2. Fill in each section:
   - **Intent**: Capture what the user described as the problem to solve
   - **Scope**: In scope and out of scope from the discussion
   - **Approach**: User's preferred approach if given, or a reasonable high-level approach based on the discussion
   - **Deliverables**: Observable, verifiable capabilities (PR-N). Each must have a SHALL statement and a Verify method.
   - **Roadmap Reference**: If --phase provided, fill in milestone/phase
3. Write to \`bp/changes/$1/proposal.md\`

### Step 4: Verify proposal quality

Before finishing, check:
- [ ] Intent clearly states the problem
- [ ] Scope has both In Scope and Out of Scope sections
- [ ] Each deliverable (PR-N) has a SHALL statement and Verify method
- [ ] No template placeholders remaining
- [ ] PR count <= 5 (if more, suggest splitting)
- [ ] The proposal reflects what the user described (not AI guesswork)

### Step 5: Commit and suggest next step

\`\`\`bash
# Update roadmap: If proposal has \`## Roadmap Reference\`, read \`bp/roadmap.md\`, find corresponding phase, add \`- [ ] $1\` to its Changes list if not already present.
git add bp/changes/$1/
bp commit "docs(proposal): $1" --files bp/changes/$1/
\`\`\`

Output:
\`\`\`
Created bp/changes/$1/proposal.md
  Proposal is ready for planning.

  Next: bp plan $1
  (or: bp continue $1)
\`\`\`

## Guardrails

- **ALWAYS discuss with the user before writing.** Do not guess the requirements.
- Do NOT create design.md, tasks.md, or specs/ - that's the planner's job
- Do NOT run bp plan automatically - let the user review the proposal first
- If the user wants to skip proposal review and go straight to planning, they can run bp plan $1 directly
- Architecture decisions and technical design come from the planner, not from propose
",
  "review": "---
name: bp-review
description: Triple review
hide: false
---

**You are the orchestrator — dispatch sub-agents; do not do their work yourself.**

### Context injection (OMP Extension)

Context is auto-injected by the OMP Extension at session_start. Do NOT call \`bp context <step>\` yourself — the extension already provides the same material at every turn.

When reading \`bp/changes/<name>/context.jsonl\`, every row follows the schema:

\`\`\`json
{ "file": "<path>", "reason": "<why>", "phase": "plan|apply|review|archive|all", "tag": "<label>", "read": "full|range", "range": [<start>, <end>] }
\`\`\`

Row fields:

- \`file:\` repository-relative path the change depends on. Required.
- \`reason:\` short invariant or invariant-style reason the file exists in the change. Required, ≤ 200 chars.
- \`phase:\` one of \`plan\`, \`apply\`, \`review\`, \`archive\`, or \`all\`. Optional, default \`all\`.
- \`tag:\` free-form label such as \`guard-rail\`, \`invariant\`, \`spec\`, \`convention\`, or \`config\`. Optional.
- \`read:\` either \`full\` (default) or \`range\`. When \`range\`, the row must include \`range:\` as \`[start, end]\` line numbers.

## Input

- **\`$ARGUMENTS\`** (optional): change name. If empty, use the most recently applied change.
- **\`--fix\`** (optional): re-review mode — reviewer marks resolved issues in existing review.md.

## Prerequisites

- Code is implemented (tasks.md has [x] entries with commit hashes)
- Build check and test suite pass (per bp/config.yaml stack)
- In --fix mode: \`review.md\` exists with unresolved issues, fixes have been applied


## Orchestrator Steps

> These are the steps you (orchestrator) execute in order. \`bp review\` only outputs these steps — it does not auto-execute. Review is done by reviewer sub-agent.

## Steps

### Step 1: Resolve change name and paths

Same as plan workflow Step 1.

### Step 2: Pre-review verification

Run before dispatching reviewer:
\`\`\`bash
# Run the project's build check and test suite.
# Read bp/config.yaml for the tech stack and test framework.
# Examples by stack:
#   TypeScript: tsc --noEmit && npx vitest run
#   Python:     mypy . && pytest
#   Go:         go build ./... && go test ./...
#   Rust:       cargo build && cargo test
#   Java:       mvn compile && mvn test
\`\`\`

If build or tests fail: do NOT dispatch reviewer. Report the failures and suggest \`bp apply --fix\` to fix them first.

### Step 3: Classify change (lightweight vs full)

- **Lightweight** (all non-behavior tasks, no delta specs): orchestrator does a quick review directly
  - Check: all tasks [x], tests pass, no obvious issues
  - Write a simplified review.md (may skip spec review if no delta specs)
- **Full** (any behavior task, has delta specs): dispatch reviewer sub-agent

### Step 4: Dispatch reviewer (Full mode)

**Do NOT write review.md yourself. Dispatch reviewer sub-agent.**

1. Prepare reviewer context:
   - Change name and directory path
   - List of files to read: proposal.md, design.md, tasks.md, specs/<domain>/spec.md, bp/specs/<domain>/spec.md, bp/conventions/coding.md
   - Instruction: "Read the reviewer agent prompt, then perform triple review and write review.md"
   - In --fix mode: "Read the reviewer agent prompt (Fix Mode section), verify each [~] issue before marking [x], follow the three-state process ([ ]→[~]→[x])"

2. Dispatch via task tool:
   - Agent type: bp-reviewer (or default task agent with reviewer prompt injected)
   - Fresh context: yes
   - Isolated: no (reviewer is read-only on source code, writes only review.md)

3. Wait for reviewer to complete.

### Step 5: Read review.md and route

After reviewer completes:

1. Read \`bp/changes/$1/review.md\`
2. Extract the Overall Verdict and Issues list
3. Route based on findings:

**If Overall Verdict is PASS (zero issues):**
\`\`\`
Review PASSED for $1
  All three dimensions clean.

  Next: bp archive $1
\`\`\`

**If D-prefixed issues exist (design flaw):**
\`\`\`
Review FAILED for $1
  D issues found (design/architecture problems):
  - D1: <list actual D-issue descriptions from review.md>

  These require redesign, not code fix.
  Next: bp plan --fix $1
\`\`\`

**If only R/Q/G issues (code fixable):**
\`\`\`
Review NEEDS_REVISION for $1
  Issues found (code fixable):
  - R1: <list actual R-issue descriptions from review.md>
  - Q1: <list actual Q-issue descriptions from review.md>
  - G1: <list actual G-issue descriptions from review.md>

  Next: bp apply --fix $1
\`\`\`


**If [FUSE] diminishing returns detected:**
Do NOT auto-route to another fix. Instead:
1. Read review.md Issues section to understand remaining open findings
2. Present remaining issues to user for human verification
3. If user confirms all resolved: write \`## Human Verdict: PASS\` below the Issues section in review.md, then run \`bp archive $1\`
4. If user finds new problems or disagrees with resolution: run \`bp apply --fix $1\` (this resets the review round counter for fuse detection)

### Step 6: Commit review.md

\`\`\`bash
# Update roadmap: If the change is linked to a roadmap phase, update it to \`- [x] $1 (reviewed YYYY-MM-DD)\`.
git add .
bp commit "docs(review): triple review for $1" --files bp/changes/$1/review.md

# Record execution metadata (v2.1 P5)
# Orchestrator should write .meta/reviewer-run-N.json after reviewer completes
- Do NOT run bp archive automatically - let the user review the findings first.
- **Context is auto-injected by the OMP Extension.** Do NOT call \`bp context review\`; the extension already supplies the same material at every turn.
- **Fix loop limit: max config.budget.max_review_rounds rounds (default 3).** If the change has been through that many fix rounds (count re-reviews in review.md Review History) and issues still persist, the diminishing-returns fuse may trigger — see [FUSE] recovery path below. Do not auto-route to another fix beyond the limit — escalate for human decision.
- **Level-aware review**: Trivial = orchestrator quick check (no sub-agent). Light = optional review. Standard = triple review. Critical = triple review + security audit + human approval before archive.
- **Critical approval gate (v2.1 7.2.5)**: Critical-level changes require explicit approval. If config.approvers is non-empty, only listed approvers can PASS a Critical review. In CI mode, Critical changes always exit 1 (require interactive approval).
- **CI mode (--ci)**: When run with --ci, skip all human-confirmation steps. If review verdict is not PASS, the command exits 1 immediately. No fix loop in CI -- failures must be fixed in a separate interactive session.
- **Level-aware CI**: Critical changes require human approval even in CI mode (exit 1 with 'Critical change requires human review'). Trivial/Light changes auto-pass in CI if tests pass.
- **v2.1 P2 dynamic downgrade**: If first review round found no BLOCKER, second round reviewer may use a faster model (config.resolveModelsForLevel with round=2). If BLOCKER found after downgrade, upgrade back and mark degradation_failed.
",
  "roadmap": "---
name: bp-roadmap
description: Roadmap definition
hide: false
---

## Input

- No parameters: operate on the current project

## Steps

### Step 1: Grill the user on project requirements (RELENTLESS - do NOT skip)

Before defining milestones, you must reach FULL shared understanding with the user.
This is NOT a checklist. It is a relentless interview that walks every branch of the decision tree,
resolving dependencies between decisions one by one.

Process:
1. Start with what the user described. Map the decision tree in your mind:
   every feature, priority, dependency, constraint, and unknown.
2. Pick the first unresolved branch. Ask ONE focused question about it.
   **Provide your recommended answer** so the user can just confirm or correct.
3. If the question can be answered by exploring the codebase, explore it yourself - do NOT ask the user.
4. After the user answers, check if their answer opened new branches. If so, ask about those next.
5. Repeat until every branch is resolved and you have shared understanding.

What to grill on (walk every branch):
- **Project goal**: What is this project trying to achieve? What problem does it solve?
- **Target users**: Who will use this? What are their needs? What are their pain points?
- **Key features**: What are the main capabilities? What must be in v1 vs later?
- **Dependencies**: Which features depend on others? What is the build order?
- **Constraints**: Technical, timeline, or resource constraints? Existing tech stack?
- **Existing codebase**: If brownfield, what exists? What needs to change? Extend or rewrite?
- **Edge cases**: What happens at scale? What are the failure modes?
- **Scope boundaries**: What is explicitly NOT being built?

**Hard rules:**
- Ask ONE question at a time. Wait for the answer. Do not batch.
- Always provide a recommended answer when one exists.
- Do NOT proceed to Step 2 until you can describe every phase's deliverables without guessing.
- Do NOT use assumptions. If you are about to assume, STOP and ask instead.
- If the user says "use your best judgment" on a specific point, you may proceed without asking.

### Step 2: Get context

Read \`bp/config.yaml\` and \`bp/specs/\` to understand the project scope, tech stack, and existing behavioral contracts.

### Step 3: Detect roadmap state

Read \`bp/roadmap.md\`. Check if it already has defined milestones (look for \`## Milestone:\` headers that have real content, not template placeholders).

**First time (no milestones defined):**
Continue to Step 4.

**Adding a new milestone (roadmap already exists):**
- Append new milestone(s) BELOW existing milestones, separated by \`---\`
- Keep existing milestones with their status unchanged

### Step 4: Choose planning mode (first time only)

Use \`ask\` to determine the planning mode:

- **MVP mode** (product-facing): each phase delivers user-facing value
- **Technical-layer mode** (infrastructure/CLI): each phase produces a runnable/testable artifact

### Step 5: Define Milestones

**HARD RULE: You MUST fetch the roadmap template by running \`bp template roadmap --stdout\` BEFORE writing \`bp/roadmap.md\`.** The template defines milestone and phase section structure, status tags, and progress summary format. Writing from memory will produce an unparesable roadmap.

Fill the template with milestones and phases based on project requirements.

**Default: 1 milestone = the entire project.** Milestones are product releases, NOT development phases.

When defining each phase, fill these areas:

**Key Decisions** — As the user discusses technical details (field design, API format, conventions, tech stack choices), write the decisions into each phase's \`### Key Decisions\` section. This prevents "we agreed on this in the kickoff" issues later. Each decision includes: subject area, decision content, reason, and alternatives considered.

**Planned changes** — For NOT_STARTED phases, list planned changes in \`**Planned changes**\` with a one-line description of what each change does (\`- change-name — description\`). This helps planners understand the scope without re-reading the full discussion.

**Changes** — Already existing or proposed changes get \`**Changes**\` with checkbox + status + description.

### Step 6: Validate

Check before finishing:
- All project requirements from Step 1 discussion are covered by some phase
- Phase dependencies form a DAG (no cycles)
- Each phase has a concrete, verifiable deliverable
- Phase count per milestone: small 1-2, medium 2-3, large 3-4
- First phase is always the thinnest possible end-to-end path
- No template placeholders remaining

## Output

- \`bp/roadmap.md\` — structured roadmap with milestone and phase info

## Guardrails

- **Default: 1 milestone.** No "foundation", "setup", "scaffolding" — M1 = shippable product.
- Mode (MVP/technical-layer) shapes phases within a milestone, not the milestones themselves.
- First phase = thinnest end-to-end path (always first phase, never "phase 0").
- **Adding new milestone**: append new ones below existing, don't overwrite.
- Do NOT create milestone directories — v2 uses roadmap.md as the single tracking document.
",
}
`;
