// Vitest Snapshot v1, https://vitest.dev/guide/snapshot.html

exports[`generateAgentSkills > generates matching snapshot 1`] = `
{
  "apply": "---
name: bp:apply
description: Dispatch executor sub-agents (implement tasks per wave)
---

**You are the orchestrator — dispatch sub-agents; do not do their work yourself.**

### Context injection (OMP Extension)

Context is auto-injected by the OMP Extension at session_start. Do NOT call \`bp context <step>\` yourself — the extension already provides the same material at every turn.

When reading \`bp/changes/<name>/context.jsonl\`, every row follows the schema:

\`\`\`json
{ "file": "<path>", "reason": "<why>", "phase": "plan|apply|check|archive|all", "tag": "<label>", "read": "full|range", "range": [<start>, <end>] }
\`\`\`

Row fields:

- \`file:\` repository-relative path the change depends on. Required.
- \`reason:\` short invariant or invariant-style reason the file exists in the change. Required, ≤ 200 chars.
- \`phase:\` one of \`plan\`, \`apply\`, \`check\`, \`archive\`, or \`all\`. Optional, default \`all\`.
- \`tag:\` free-form label such as \`guard-rail\`, \`invariant\`, \`spec\`, \`convention\`, or \`config\`. Optional.
- \`read:\` either \`full\` (default) or \`range\`. When \`range\`, the row must include \`range:\` as \`[start, end]\` line numbers.

## Input

- **\`$ARGUMENTS\`** (optional): change name. If empty, use the most recently planned change.

## Prerequisites

- \`design.md\` exists and is not a template.
- \`tasks.md\` exists with at least 1 wave and unchecked checkboxes.
- Delta specs exist for each affected domain.

## Steps

## Orchestrator Steps

> These are the steps you (orchestrator) execute in order. \`bp apply\` only outputs these steps — it does not auto-execute. Implementation is done by executor sub-agents.

### Step 1: Resolve change name and paths

Same as plan workflow Step 1.

### Step 2: Classify change (lightweight vs full)

Read \`tasks.md\` task types:
- **Lightweight**: all tasks config|docs|refactor|scaffolding — no type:behavior
- **Full**: any type:behavior task



### Step 3: Wave analysis (Full mode)

Read \`tasks.md\` and build an execution plan:
1. Extract all \`## Wave N:\` sections, keeping wave order.
2. Build the inter-wave dependency graph from each task's \`depends_on\` field.
3. Check file-manifest overlap: waves that modify the SAME file cannot run concurrently — force them into the same wave or sequential rounds.
4. Waves with no unmet cross-wave dependencies can run concurrently; dependent waves wait for their predecessors.
5. For each wave, prepare an executor dispatch prompt: change name/directory, wave number + task IDs, and a summary of prior waves' key public interfaces.

**CRITICAL: Do NOT inject file contents into the dispatch prompt.** The executor reads tasks.md, design.md, specs/<domain>/spec.md, and bp/conventions/coding.md itself with the \`read\` tool. Paths save tokens and avoid biasing the executor with your interpretation.

### Step 4: Dispatch executor waves (Full mode)

Execute round by round. Each round: identify ready waves (no unmet dependencies), then dispatch ALL of them CONCURRENTLY (one task tool call per wave) with fresh, isolated bp-executor sub-agents. Wait for all waves in the round to complete.

After each wave, verify its output:
1. \`git log --oneline -5\` — new commits exist with correct hashes.
2. \`git diff --stat HEAD~N\` — files actually changed (not a no-op).
3. tasks.md tasks marked \`[x]\` with \`<!-- commit: HASH -->\`.
4. The wave's tests pass.
5. If a task lacks a commit annotation, re-run or re-dispatch it.

If any wave fails verification, re-dispatch it with specific feedback and do NOT proceed until the round passes.

After all rounds complete:
1. Run the project's build check and full test suite (per bp/config.yaml stack).
2. On failures: identify the responsible wave and re-dispatch with fix instructions.
3. On success: mark the \`## Pre-Archive Checklist\` items in tasks.md \`[x]\` (type-check/build, test suite, task hash annotations, acceptance criteria).

### Step 5: Lightweight mode (if classified as lightweight)

Implement the non-behavior tasks yourself, one by one — after each task run its tests and commit, marking \`[x]\` with the commit hash. After all tasks, run the full test suite and mark the Pre-Archive Checklist as in Step 4.

### Step 6: Commit and suggest next step

\`\`\`bash
# Update roadmap: If the change is linked to a roadmap phase, update it to \`- [-] $1 (implemented YYYY-MM-DD)\`.
git add bp/changes/$1/
bp commit "feat: implementation complete for $1" --files bp/changes/$1/
\`\`\`
  Next: bp check $1
  (or: bp continue $1)

Output:
\`\`\`
Implementation complete for $1
  - N tasks implemented in N wave(s)
  - N commits created
  - All tests pass

  Next: bp check $1
  (or: bp continue $1)
\`\`\`

## Output

- Tasks implemented, committed atomically, and marked \`[x]\` with commit hashes in tasks.md.
- Full build + test suite green and the Pre-Archive Checklist marked.

## Guardrails

- Full mode: MUST dispatch executor sub-agents per wave. Do NOT implement behavior tasks yourself.
- Concurrent waves in the same round: dispatch ALL in one task tool call (parallel).
- After each wave: verify git log, tasks.md marking, and test pass. No-op or incomplete = failure.
- NEVER skip review — apply's green tests are NOT a replacement for review.
- Do NOT run \`bp check\` automatically — let the user decide.
- Wave retry limit: max 2 re-dispatches per wave (global cap \`config.budget.max_subagent_runs\`, default 5) — beyond that, STOP and report as a blocker.
- Budget awareness: track dispatch count against \`config.budget.max_subagent_runs\` and wall time against \`config.budget.max_wall_time_min\` (default 60); warn if token usage approaches \`config.budget.estimated_token_cap\` (default 500000). These are advisory — stop and report if exceeded.
- Level-aware execution: Trivial = inline (no sub-agent); Light = single agent, TDD optional; Standard = waves + TDD; Critical = waves + TDD + security audit checkpoint.
",
  "archive": "---
name: bp:archive
description: Archive a change (merge delta specs, archive dir, update roadmap)
---

## Input

- **\`$ARGUMENTS\`** (optional): change name. If empty, use the most recently reviewed change.

## Prerequisites

- \`review.md\` exists and Overall Verdict is PASS.
- No unresolved issues in review.md \`## Issues\`.

## Steps

## Orchestrator Steps

> These are the steps you (orchestrator) execute in order. \`bp archive\` only outputs these steps — it does not auto-execute. The actual archive is done by \`bp finish\`.

### Step 1: Resolve change name and paths

Same as plan workflow Step 1.

### Step 2: Pre-archive check

Read \`bp/changes/$1/review.md\`: verify Overall Verdict is PASS and \`## Issues\` has no \`- [ ]\` entries. Run \`git status --porcelain\`; warn the user about uncommitted changes outside bp/ (half-done code may get archived alongside the change).

If review is not PASS:
\`\`\`
Cannot archive: review not passed
  Verdict: FAIL/NEEDS_REVISION
  Unresolved issues: N

  Fix issues first: bp check $1
\`\`\`

### Step 3: Archive check — reconcile delta specs with reality

The change's delta specs must match what was implemented before merging into \`bp/specs/\`. Read \`proposal.md\` (PR-N behaviors), \`design.md\` (DS-N), the implementation (source + tests), and each delta spec at \`specs/<domain>/spec.md\`:
- For every implemented behavior the delta spec does not yet require, ADD a requirement (with a scenario).
- For every delta requirement whose described behavior drifted from the implementation, MODIFY it — write the full new text and annotate with \`(was: ...)\`.
- Write ONLY to the change's \`specs/<domain>/spec.md\` delta files — never to \`bp/specs/\` directly. \`bp finish\` performs the merge.

### Step 4: Run finish command

\`\`\`bash
bp finish $1
\`\`\`

The command verifies the review PASS gate, gates context.jsonl for the archive phase, merges each delta spec into \`bp/specs/<domain>/spec.md\`, moves the change to \`bp/changes/archive/<date>-$1/\`, and updates \`bp/roadmap.md\` when the proposal has a \`## Roadmap Reference\`.

If it reports a merge conflict, resolve it in the delta spec and re-run.

### Step 5: Verify archive success

- \`bp/changes/archive/<date>-$1/\` exists and contains all artifacts (proposal.md, design.md, tasks.md, specs/, review.md).
- \`bp/changes/$1/\` no longer exists.
- Each ADDED/MODIFIED/REMOVED delta requirement is reflected in \`bp/specs/<domain>/spec.md\`.
- The roadmap change is marked \`- [x]\` (if applicable).
- No merge-conflict errors in the command output.

### Step 6: Commit changes

The archive command does NOT run git commit. Commit the merged specs, roadmap, and archived change:

\`\`\`bash
bp commit "archive: $1 - specs merged, roadmap updated" --files bp/specs/ bp/roadmap.md bp/changes/
\`\`\`

### Step 7: Suggest next step

\`\`\`
Archived $1
  - Delta specs merged into bp/specs/
  - Change moved to bp/changes/archive/<date>-$1/
  - Roadmap updated

  Next: bp continue (or: bp propose <new-change>)
\`\`\`

## Output

- Change archived under \`bp/changes/archive/<date>-$1/\` with merged global specs and updated roadmap.

## Guardrails

- Review must PASS before archive — the command enforces this, but pre-checking saves a failed run.
- Archive-check writes only to the change's delta specs; never edit \`bp/specs/\` directly.
- On merge conflict, resolve in the delta spec (change directory) and re-run \`bp finish $1\`.
- Archive preserves full context — all artifacts move together.
- CI mode (\`--ci\`): skip working-tree warnings and post-archive suggestions; exit 0 on success, 1 on any failure.
- Commit is the orchestrator's job — the archive command does not commit.
",
  "check": "---
name: bp:check
description: Triple check of a change - full verify + fixer loopback + full re-review
---

**You are the orchestrator — dispatch sub-agents; do not do their work yourself.**

### Context injection (OMP Extension)

Context is auto-injected by the OMP Extension at session_start. Do NOT call \`bp context <step>\` yourself — the extension already provides the same material at every turn.

When reading \`bp/changes/<name>/context.jsonl\`, every row follows the schema:

\`\`\`json
{ "file": "<path>", "reason": "<why>", "phase": "plan|apply|check|archive|all", "tag": "<label>", "read": "full|range", "range": [<start>, <end>] }
\`\`\`

Row fields:

- \`file:\` repository-relative path the change depends on. Required.
- \`reason:\` short invariant or invariant-style reason the file exists in the change. Required, ≤ 200 chars.
- \`phase:\` one of \`plan\`, \`apply\`, \`check\`, \`archive\`, or \`all\`. Optional, default \`all\`.
- \`tag:\` free-form label such as \`guard-rail\`, \`invariant\`, \`spec\`, \`convention\`, or \`config\`. Optional.
- \`read:\` either \`full\` (default) or \`range\`. When \`range\`, the row must include \`range:\` as \`[start, end]\` line numbers.

## Input

- **\`$ARGUMENTS\`** (optional): change name. If empty, use the most recently applied change.
- **\`--ci\`** (optional): CI mode — non-interactive, exits 1 immediately on a non-PASS verdict.

## Prerequisites

- Code is implemented (tasks.md \`[x]\` entries with commit hashes).
- Build check and test suite pass (per bp/config.yaml stack).

## Steps

> These are the steps you (orchestrator) execute in order. \`bp check\` only outputs these steps — it does not auto-execute. Review is done by the reviewer sub-agent.

### Step 1: Resolve change name and paths

Same as plan workflow Step 1.

### Step 2: Pre-check verification

Run the project's build and test suite (per bp/config.yaml stack). If build or tests fail, do NOT dispatch the reviewer — report the failures and stop.

If the change touches UI surfaces (components, pages, styling), consider \`bp design-review $1\` — it audits the UI against the design language and supplements review.md. Advisory only; it does not gate the verdict.

### Step 3: Classify change (lightweight vs full)

- **Lightweight** (all non-behavior tasks, no delta specs): orchestrator quick check — verify all tasks \`[x]\`, tests pass, no obvious issues, then write a simplified review.md.
- **Full** (any behavior task, has delta specs): dispatch the reviewer sub-agent.

### Step 4: Dispatch reviewer for a full triple review

**Do NOT write review.md yourself.** Dispatch the reviewer with the change's context files (proposal.md, design.md, tasks.md, delta specs, global specs, coding conventions) and the instruction: "Read the reviewer agent prompt, then perform the full triple review (spec + quality + goal gates) and write review.md". Use a fresh, non-isolated task (the reviewer is read-only and writes only review.md). Wait for completion.

### Step 5: Read review.md and route

Read \`bp/changes/$1/review.md\` and extract the Overall Verdict and Issues list.

**If Overall Verdict is PASS (zero issues):** present the verdict and ask the user: "Review PASSED. Shall I archive this change?" On confirmation, run \`bp archive $1\`. Do NOT auto-archive.

**If non-PASS (FAIL / NEEDS_REVISION, any open \`- [ ]\` R/Q/G/D issue):** dispatch the fixer to repair the change:

\`\`\`bash
bp dispatch fixer --change $1
\`\`\`

The fixer repairs proposal, design, and implementation per the review issues. After it completes, re-dispatch the reviewer for a **full re-review of the entire change** (all three gates — spec, quality, goal). Do NOT re-check only the fixed issues.

**If [FUSE] diminishing returns detected:** do NOT auto-route to another fix. Present the remaining issues for human verification. If the user confirms all resolved, write \`## Human Verdict: PASS\` below the Issues section in review.md and run \`bp archive $1\`.

### Step 6: Commit review.md

\`\`\`bash
bp commit -m "docs(review): triple review for $1" --files bp/changes/$1/review.md
\`\`\`

## Output

- The \`bp/changes/$1/review.md\` artifact written by the reviewer sub-agent.
- A verdict readout and, on PASS, the archive confirmation flow.

## Guardrails

- Fix loop limit: max \`config.budget.max_review_rounds\` rounds (default 3). Count re-reviews in review.md Review History; past the limit, trigger the [FUSE] path above.
- Every reviewer run is a full triple review (spec + quality + goal gates). There is no fix-mode or diff-only re-check.
- Level-aware review: Trivial = orchestrator quick check (no sub-agent); Light = optional; Standard = triple review; Critical = triple review + security audit + human approval before archive.
- Critical approval gate: with non-empty \`config.approvers\`, only listed approvers can PASS a Critical review.
- CI mode (\`--ci\`): skip human-confirmation steps; exit 1 immediately if the verdict is not PASS.
- Do NOT run \`bp archive\` automatically — the user approves archiving.
",
  "continue": "---
name: bp:continue
description: Check progress and suggest next step
---

## Input

- **\`$ARGUMENTS\`** (optional): change name. If empty, the CLI auto-detects.

## Steps

> \`bp continue\` auto-detects progress in code and outputs the next step's workflow instructions. Follow the output — do not determine the next step yourself.

1. Run the CLI command:

\`\`\`bash
bp continue $ARGUMENTS
\`\`\`

2. Read its output: current artifact status, the next recommended step (command + description), and the full workflow instructions for that step.
3. Execute the output instructions.

## Output

- Current artifact status (proposal/design/tasks/specs/review existence + task completion count).
- The next recommended step and its full workflow instructions.

## Guardrails

- The CLI does ALL detection; you just follow its output.
- If multiple active changes exist, the CLI lists them — pick one and re-run \`bp continue <name>\`.
- If the CLI says \`Next: bp <step> <name>\`, run the workflow instructions it outputs.
",
  "design": "---
name: bp:design
description: Design system consultation - complete design proposal written to root DESIGN.md
---

## Input

- **\`$ARGUMENTS\`** (optional): change name. If empty, the design step operates on the project root.
- Root \`DESIGN.md\` when present (prior design decisions — see Step 0).
- \`bp/config.yaml\` — stack/profile context.
- Platform browser capability (for research and preview screenshots). If the platform cannot browse, degrade to written visual descriptions.

## Steps

> These are the steps you (orchestrator) execute in order. \`bp design\` only outputs these steps — it does not auto-execute. The consultation work is dispatched to the designer sub-agent.

### Step 0: Pre-check

If a root \`DESIGN.md\` already exists, present the user three options and wait for a decision:

- **update** — reuse prior decisions as the base and revise only what changed.
- **fresh** — start over; the new proposal replaces the file.
- **cancel** — abort the step; write nothing and stop.

If the user cancels, report \`Design step cancelled — no artifact written.\` and stop.

### Step 1: Product context

1. Read \`bp/config.yaml\` for the project context (product description, tech stack).
2. Enumerate the user-facing UI surface: screens, components, and styling entry points the design must cover.
3. Record product goals and users — the design system must serve them, not aesthetics alone.

### Step 2: Research

1. Use your platform's browser capability to collect competitor and reference patterns (visual style, typography, color usage, layout conventions).
2. Note what works and what does not for each reference — the rationale matters more than the source.
3. Keep research scoped: 3-5 references are enough unless the user asks for more.

### Step 3: Complete design-system proposal

Produce a full proposal covering every block of the \`## Design System\` shape (fetch \`bp template design-system --stdout\` for the exact shape):

- **Aesthetic direction** — one sentence plus supporting notes.
- **Typography** — scale, families, weights.
- **Color** — palette roles (primary, surface, text, accent, feedback) and contrast rules.
- **Spacing** — scale and density.
- **Layout** — grid, breakpoints, component layout rules.
- **Motion** — durations, easings, and usage guidance.

Every decision carries a one-line rationale. No unexplained choices.

### Step 4: Drill-downs

For any area that remains ambiguous after Step 3 (unusual components, edge states, dark mode, accessibility constraints), expand that block with concrete guidance. If nothing is ambiguous, skip this step.

### Step 5: Preview

1. Build an HTML preview page expressing the design system (tokens as CSS custom properties).
2. Capture browser screenshots when your platform supports browsing; otherwise write a precise written description of the intended visuals.
3. Present the preview to the user and collect feedback. Iterate on the proposal until the user approves or the user stops the step.

### Step 6: Write root \`DESIGN.md\`

1. Fetch the design-system shape: \`bp template design-system --stdout\`.
2. Write the root \`DESIGN.md\` with every block filled from the approved proposal, including the Decisions Log entries (date, decision, rationale).
3. Report a short diff/artifact summary back to the user.

## Output

- Root \`DESIGN.md\` — the complete design system document (\`## Design System\` shape: Product Context / Aesthetic Direction / Typography / Color / Spacing / Layout / Motion / Decisions Log).
- Optional \`design/preview.html\` + screenshots when the platform supports browsing.

## Guardrails

- If \`bp dispatch designer\` returns a non-zero or failed run, stop and ask the user before proceeding.
- If \`DESIGN.md\` exists and the user cancels, abort with no artifact written.
- NEVER overwrite an existing \`DESIGN.md\` without the user choosing update or fresh in Step 0.
- NEVER edit source code — the designer writes design artifacts only; report needed code changes as notes.
- If browser capability is unavailable, the preview step degrades to a written description of intended visuals.
- All output in English.
",
  "design-html": "---
name: bp:design-html
description: Design to production HTML/CSS - implement DESIGN.md against the detected project framework
---

## Input

- **\`$ARGUMENTS\`** (optional): change name. If empty, the step operates on the project root.
- \`design/approved.json\` when present (shotgun winner + tokens) — highest-priority design source.
- Root \`DESIGN.md\` when present (design-system tokens).
- Project source under the web root — the files the generated HTML/CSS will replace or join.
- \`bp/config.yaml\` — stack/profile context for framework detection.

## Steps

> These are the steps you (orchestrator) execute in order. \`bp design-html\` only outputs these steps — it does not auto-execute. The generation work is dispatched to the designer sub-agent.

### Step 1: Input detection

Pick the design source in this order:

1. \`design/approved.json\` (shotgun output — winner, rationale, tokens).
2. Root \`DESIGN.md\` (design-system document).
3. Clean slate — proceed with a minimal default design and flag it to the user.

If none exists and the user expected prior design work, suggest \`bp design\` first.

### Step 2: Design analysis

1. Extract design tokens from the source: colors, typography scale, spacing scale, radii, shadows, motion durations/easings.
2. List the UI surface the HTML must cover (screens/components from the design source).
3. Note any ambiguity and resolve it with the user before generating.

### Step 3: Framework detection

1. Read \`package.json\` and config files per \`bp/config.yaml\` context to detect the project framework.
2. Match the generation approach to the framework (plain HTML/CSS, component markup, or CSS custom properties that the framework consumes).
3. If detection is inconclusive, ask the user; do not guess silently.

### Step 4: Generation

1. Express every design token as a CSS custom property on the root.
2. Generate the HTML/CSS implementing the design surface, matching the detected framework conventions.
3. Keep the output minimal and reviewable — no generated boilerplate beyond what the design requires.

### Step 5: Preview and refine loop

1. Build an HTML preview page and capture browser screenshots when your platform supports browsing; otherwise write a written description of the rendered result.
2. Present the preview to the user.
3. Refine per feedback and re-preview until the user approves or stops the step.

### Step 6: Token extraction

1. Write the final tokens back into the root \`DESIGN.md\` Decisions Log (date, decision, rationale) so the design system stays the source of truth.
2. Report a diff/artifact summary.

## Output

- HTML/CSS implementing the design system under the project's web root or under \`design/\` when the target is not yet wired into the app.
- Updated \`DESIGN.md\` Decisions Log entries (token extraction).

## Guardrails

- If \`bp dispatch designer\` returns a non-zero or failed run, stop and ask the user before proceeding.
- NEVER edit application source code beyond the generated HTML/CSS the step owns — report other needed code changes as notes.
- If browser capability is unavailable, the preview step degrades to a written description of the intended visuals.
- All output in English.
",
  "design-review": "---
name: bp:design-review
description: Designer's-eye QA audit - full visual and UX audit against DESIGN.md
---

## Input

- **\`$ARGUMENTS\`** (optional): change name. When present, the audit report is written to \`bp/changes/<name>/design-review.md\`; otherwise to \`design/review-<iso-date>.md\`.
- Root \`DESIGN.md\` — the design system the UI is audited against.
- The change's \`proposal.md\` / \`design.md\` when a change is active (scope context).
- Platform browser capability (for page-by-page visual audit). If the platform cannot browse, audit the written UI description instead.

## Steps

> These are the steps you (orchestrator) execute in order. \`bp design-review\` only outputs these steps — it does not auto-execute. The audit work is dispatched to the designer sub-agent.

### Step 1: Mode selection

Pick the audit depth (ask the user when unsure):

- **full** — everything below (default).
- **quick** — first impression + top issues only, no page-by-page checklist.
- **deep** — full checklist plus interaction-flow review on every page.
- **diff-aware** — audit only what changed vs the prior review.
- **regression** — re-run a prior report's issue list against the current UI.

### Step 2: Phase 1 — First impression

1. Open the UI surface and record 10-second glance notes: what stands out, what feels broken, what the eye lands on first.
2. Do not fix anything — record only.

### Step 3: Phase 2 — Design-system extraction

1. Read the root \`DESIGN.md\` and list its tokens (typography, color, spacing, layout, motion).
2. Compare the live UI against those tokens — note every visible deviation.

### Step 4: Phase 3 — Page-by-page visual audit

1. Walk every page/screen through the 10-category checklist (~80 items): layout, typography, color, spacing, alignment, hierarchy, states, responsiveness, accessibility, motion.
2. Apply the trunk test: every page must visibly share the same design system — a page that does not is a finding.
3. Record each issue with severity (blocker / major / minor) and location.

### Step 5: Phase 4 — Interaction-flow review

1. Walk the key user flows end to end (navigation, forms, feedback states, empty states).
2. Record flow-level issues separately from page-level ones.

### Step 6: Write the report

1. Compose the report with a 0-10 rating and a prioritized issue list (severity, then impact).
2. Write it to \`bp/changes/<name>/design-review.md\` when a change is active, else \`design/review-<iso-date>.md\`.
3. Report a short summary back to the user.

## Output

- \`bp/changes/<name>/design-review.md\` (change-scoped) or \`design/review-<iso-date>.md\` (project-scoped): 0-10 rating, prioritized issue list, per-category checklist results.

## Guardrails

- If \`bp dispatch designer\` returns a non-zero or failed run, stop and ask the user before proceeding.
- NEVER edit source code — the audit reports findings; the executor fixes them.
- NEVER change \`DESIGN.md\` as part of the audit — deviations are reported, not silently corrected.
- If a change is active but \`bp/changes/<name>\` is missing, instruct \`bp propose <name>\` first and stop.
- If browser capability is unavailable, audit the written UI description and note the degraded scope.
- All output in English.
",
  "design-shotgun": "---
name: bp:design-shotgun
description: Multi-variant design exploration - generate, compare, and approve design variants
---

## Input

- **\`$ARGUMENTS\`** (optional): change name. If empty, the step operates on the project root.
- Root \`DESIGN.md\` when present (design-system constraints for variant generation).
- \`bp/config.yaml\` — product context and stack.
- Prior \`design/approved.json\` when present (taste memory — previously approved variants).
- Platform browser capability (for browser mockups / HTML previews). If the platform cannot browse, generate HTML previews or written mockup descriptions instead.

## Steps

> These are the steps you (orchestrator) execute in order. \`bp design-shotgun\` only outputs these steps — it does not auto-execute. The exploration work is dispatched to the designer sub-agent.

### Step 1: Session detection

Reuse the \`design/\` scratch directory when it exists (prior variants, notes, partial mockups). Start fresh when empty.

### Step 2: Context gathering

1. Read root \`DESIGN.md\` (when present) and \`bp/config.yaml\` for constraints.
2. Read the change's proposal when a change is active.
3. List what the variants must cover (screens, components, style questions to settle).

### Step 3: Taste memory

Read prior \`design/approved.json\` (when present) for the user's taste: which directions were approved, which were rejected, and why. Do not repeat rejected directions.

### Step 4: Variant generation

1. Propose 2-3 distinct concepts and confirm the direction with the user BEFORE generating.
2. Generate variants in parallel: browser mockups or HTML previews.
3. Keep each variant internally coherent — a variant is a complete direction, not a mix.

### Step 5: Comparison board

1. Lay the variants side by side (screenshots or previews).
2. For each variant, list strengths and weaknesses against the design-system constraints and the user's stated goals.

### Step 6: Feedback loop

1. Collect user feedback per variant.
2. Refine the promising variants per feedback and re-board them.
3. Repeat until the user is ready to pick, or the user stops the step.

### Step 7: Approval

The user picks the winner. Record the decision explicitly — never assume.

### Step 8: Save

Write \`design/approved.json\`: winner, rationale, and the extracted tokens (colors, typography, spacing) so \`bp design-html\` can consume them.

## Output

- \`design/\` scratch: variants (browser mockups / HTML previews / written mockup descriptions).
- \`design/approved.json\`: winner + rationale + tokens.

## Guardrails

- If \`bp dispatch designer\` returns a non-zero or failed run, stop and ask the user before proceeding.
- NEVER pick the winner yourself — approval is always the user's call.
- NEVER edit source code — variants live in the \`design/\` scratch directory.
- If browser capability is unavailable, generate HTML previews or written mockup descriptions instead.
- All output in English.
",
  "ff": "---
name: bp:ff
description: Fast-forward - auto-advance through all steps by calling bp continue after each
---

## Input

- **\`$ARGUMENTS\`** (optional): change name. If empty, starts from current project state.

## Steps

> \`bp ff\` auto-advances through steps by calling \`bp continue\` after each. Follow the instructions each \`bp continue\` outputs.

For each iteration:

1. Get the current step:

\`\`\`bash
bp continue $ARGUMENTS
\`\`\`

2. Execute the instructions it outputs — dispatch sub-agents, write files, run code, etc.
3. After the step completes, return to step 1.
4. Stop when \`bp continue\` shows no more actionable steps (no active changes, roadmap has no \`[ ]\` items), or an unrecoverable error occurs — report it and stop.

## Output

- Progress report to the user after each iteration.

## Guardrails

- Respect all gates: review.md must be PASS before \`bp archive\`; any non-PASS verdict routes to \`bp check\` (fixer loopback + full re-review).
- Do NOT skip the check step.
- Do NOT auto-archive if the review verdict is FAIL or NEEDS_REVISION.
- You MAY ask the user clarifying questions if truly blocked, but default to proceeding with the most reasonable interpretation.
- If a step is unclear or the output is unexpected, stop and ask the user.
",
  "init": "---
name: bp:init
description: Initialize blueprint project structure and generate platform files
---

## Input

- \`bp init\` was already run; all project settings are configured.
- \`bp/config.yaml\` exists and is fully configured.

## Steps

## Orchestrator Steps

> These are the steps you (orchestrator) execute in order. \`bp init\` only outputs these steps — it does not auto-execute.

### Step 1: Check project type

Read \`bp/config.yaml\` \`brownfield\` field.
- **Greenfield** (\`brownfield: false\`): continue to Step 2.
- **Brownfield** (\`brownfield: true\`): skip to Step 3.

### Step 2: Write coding conventions (greenfield)

If \`bp/conventions/coding.md\` is empty or only a template header, fill it in from the tech stack in \`bp/config.yaml\` and the project's config files. Cover: naming (kebab-case files, camelCase functions, PascalCase types, UPPER_SNAKE_CASE constants), code style, imports, error handling, testing, and types. Derive conventions from existing config — do not ask the user.

### Step 3: Brownfield scan (brownfield only)

Dispatch a **codebase-scanner** sub-agent to extract behavioral contracts into \`bp/specs/\`.

1. Prepare context: project root path, bp/config.yaml path, and the instruction "Read the codebase-scanner agent prompt, then scan the source code and write spec files to bp/specs/<domain>/spec.md".
2. Dispatch via task tool with fresh context (not isolated — the scanner writes only to bp/specs/).
3. Wait for completion.
4. Verify: \`bp/specs/\` has at least one domain spec.md with \`## Purpose\` and \`## Requirements\`; every requirement uses SHALL/MUST and has at least one scenario.

### Step 4: Verify coding conventions and codebase map

- Check \`bp/conventions/coding.md\` has real content (not just the template header).
- Ensure \`bp/.codebase-map.json\` exists (run \`bp map refresh\` if missing).

### Step 5: Suggest next step

\`\`\`
Project initialized. Run \`bp continue\` to check project status and discover next steps.
\`\`\`

## Output

- \`bp/conventions/coding.md\` written (greenfield).
- \`bp/specs/<domain>/spec.md\` contracts extracted (brownfield).
- \`bp/.codebase-map.json\` present.

## Guardrails

- NEVER re-ask configuration questions — the init CLI already handled profile, platform, etc.
- NEVER run \`bp init\` or \`bp update\` — the user already ran them.
- Brownfield: dispatch the codebase-scanner sub-agent; do NOT scan code yourself.
- Greenfield: write coding conventions into bp/conventions/coding.md and verify specs exist.
- ALWAYS suggest \`bp continue\`.
",
  "loop": "---
name: bp:loop
description: Autonomous loop - same as ff but skip all user interaction until roadmap complete
---

## Input

- **\`$ARGUMENTS\`** (optional): change name. If empty, starts from current project state.

## Steps

> \`bp loop\` auto-advances through steps by calling \`bp continue\` after each — same as \`bp ff\` but skips ALL user interaction. Run until the roadmap has no remaining \`[ ]\` items.

For each iteration:

1. Get the current step:

\`\`\`bash
bp continue $ARGUMENTS
\`\`\`

2. Execute the instructions WITHOUT asking the user anything. If an instruction says to use \`ask\`, skip it and use sensible defaults.
3. After the step completes, return to step 1.
4. Stop when the roadmap has no \`[ ]\` items (all milestones shipped, all changes archived), or an unrecoverable error occurs — report it and stop.

## Output

- Concise progress report after each iteration and a summary when done.

## Guardrails

- Do NOT call \`ask\` or \`ask_user_question\` for anything.
- For ambiguous requirements/tool output: use the most reasonable defaults, document assumptions in the artifact, and continue.
- Respect all gates: review.md must be PASS before \`bp archive\`; any non-PASS verdict routes to \`bp check\` (fixer loopback + full re-review).
- Do NOT skip the check step.
- Do NOT auto-archive if the review verdict is FAIL or NEEDS_REVISION.
- Only stop on hard errors (test failures that cannot be fixed in 1 attempt, unrecoverable build errors).
",
  "plan": "---
name: bp:plan
description: Dispatch planner sub-agent (produce design, tasks, delta specs)
---

**You are the orchestrator — dispatch sub-agents; do not do their work yourself.**

### Context injection (OMP Extension)

Context is auto-injected by the OMP Extension at session_start. Do NOT call \`bp context <step>\` yourself — the extension already provides the same material at every turn.

When reading \`bp/changes/<name>/context.jsonl\`, every row follows the schema:

\`\`\`json
{ "file": "<path>", "reason": "<why>", "phase": "plan|apply|check|archive|all", "tag": "<label>", "read": "full|range", "range": [<start>, <end>] }
\`\`\`

Row fields:

- \`file:\` repository-relative path the change depends on. Required.
- \`reason:\` short invariant or invariant-style reason the file exists in the change. Required, ≤ 200 chars.
- \`phase:\` one of \`plan\`, \`apply\`, \`check\`, \`archive\`, or \`all\`. Optional, default \`all\`.
- \`tag:\` free-form label such as \`guard-rail\`, \`invariant\`, \`spec\`, \`convention\`, or \`config\`. Optional.
- \`read:\` either \`full\` (default) or \`range\`. When \`range\`, the row must include \`range:\` as \`[start, end]\` line numbers.

## Input

- **\`$ARGUMENTS\`** (optional): change name. If empty, use the most recently proposed change.

## Prerequisites

- \`proposal.md\` exists in the change directory and is not a template.

## Steps

## Orchestrator Steps

> These are the steps you (orchestrator) execute in order. \`bp plan\` only outputs these steps — it does not auto-execute. Codebase queries and impact analysis are done by the planner sub-agent.

### Step 1: Resolve change name and paths

If \`$ARGUMENTS\` is empty: list \`bp/changes/\` (exclude \`archive/\`) for active changes; if multiple exist, ask the user which one; if none exist, suggest \`bp propose <name>\`. Change directory: \`bp/changes/$1/\`.

### Step 2: Classify change (lightweight vs full)

- **Lightweight**: all proposal deliverables are config/docs/refactor/scaffolding (no new behavior).
- **Full**: any deliverable introduces new behavior.
- **UI-scoped advisory**: if any deliverable touches UI surfaces (components, pages, styling), consider running \`bp plan-design-review $1\` during the design phase — it produces a DESIGN.md design-language reference plus a 0-10 UI plan rating. Advisory only; it does not gate planning.

### Step 3: Dispatch planner (Full mode)

**If FULL: dispatch the planner sub-agent. Do NOT write design/tasks/specs yourself.** Prepare its context (change name/directory, files to read: proposal.md, global specs, coding conventions, config.yaml; instruction: "Read planner agent prompt, produce design.md, tasks.md, and specs/<domain>/spec.md delta specs under the change directory"). Dispatch a fresh, non-isolated bp-planner (it is read-only on source and writes only to the change directory). The planner queries the codebase map (\`bp map list\`, \`bp map module <name>\`, \`bp map impact <module>\`) and writes the \`## Impact Analysis\` section. Wait for completion.

**If LIGHTWEIGHT:** fetch \`bp template design --stdout\` and \`bp template tasks --stdout\`, fill design.md and tasks.md (1 wave) directly. If any deliverable has behavioral changes, write delta specs per affected domain (fetch \`bp template spec --stdout\` for the format); otherwise skip delta specs.

### Step 4: Review planner output for design quality

Before committing, review the design against FIVE content-quality dimensions (substance, not format — Step 5 handles format). If ANY dimension fails, re-dispatch the planner with structured feedback (dimension + specific problem + expected state) and re-review.

#### Dimension 1: Implementability

The executor must be able to implement from the design alone — no guessing, no ambiguous decisions left open.

#### Dimension 2: Verifiable acceptance

Every acceptance criterion must be something that can actually be checked against the implemented result.

#### Dimension 3: Detailed design depth

The Detailed Design sections must carry real implementation depth — the specifics that make the design executable, not restatements of the key interfaces.

#### Dimension 4: Failure coverage

The design must cover error paths, boundary conditions, and failure modes — not just the happy path.

#### Dimension 5: Proposal alignment

The design must match the proposal's requirements — fully covered, nothing deviated or dropped.

#### If problems found

Re-dispatch the planner with per-finding feedback (Dimension, DS-N/file, Problem, Expected), then return to Step 4. Repeat until the design passes all five dimensions — do NOT proceed with a flawed design.

### Step 5: Verify output

**Traceability:** every PR-N referenced by a DS-N; every DS-N referenced by a T-N; every type:behavior task has a \`spec_ref\` to a delta spec.

**Completeness:** design.md has Design Items, Architecture Decisions, Technical Approach, File Manifest, Impact Analysis; tasks.md has TDD Type Annotations, at least 1 Wave, Pre-Archive Checklist; delta specs exist with ADDED/MODIFIED/REMOVED sections; the file manifest lists every file (no "etc.").

**Structural Completeness (format):** no template placeholders; type:behavior tasks have RED descriptions (GIVEN/WHEN/THEN); requirements use SHALL/MUST/SHOULD correctly; each requirement has at least 1 scenario.

If any check fails, re-dispatch the planner with specific feedback.

### Step 6: Task granularity check

- tasks > 20 → warn: 'Change may be too large. Consider splitting into multiple changes.'
- File Manifest files > 15 → warn: 'File manifest exceeds 15 files. Consider splitting.'
- waves > 5 → warn: 'Excessive wave decomposition. Consolidate independent tasks.'
- single-wave task count > 8 → warn: 'Wave too large. Split into multiple waves.'

### Step 7: Commit and suggest next step

\`\`\`bash
# Update roadmap: If the change's proposal.md has \`## Roadmap Reference\`, read \`bp/roadmap.md\`, find the change in that phase's Changes list, and update it to \`- [-] $1 (planned YYYY-MM-DD)\`.
git add bp/changes/$1/
bp commit "docs(plan): design + tasks + delta specs for $1" --files bp/changes/$1/
\`\`\`
  Next: bp apply $1
  (or: bp continue $1)

Output:
\`\`\`
Planner completed for $1
  - design.md: N design items, N decisions
  - tasks.md: N tasks in N wave(s)
  - specs/: N delta spec(s)

  Next: bp apply $1
  (or: bp continue $1)
\`\`\`

## Output

- \`design.md\` (DS-N + D-N + architecture), \`tasks.md\` (waves + TDD types + RED tests), and delta specs per affected domain.

## Guardrails
- Full mode: MUST dispatch the planner sub-agent. Do NOT write design/tasks/specs yourself.
- Lightweight mode: write templates directly (no sub-agent needed).
- tasks.md boxes must remain UNCHECKED — \`<!-- commit: -->\` placeholders stay empty for the executor.
- Review planner output before committing; if the design is flawed, re-dispatch — do not proceed with a broken design.
- Task granularity is advisory, not blocking — warn on tasks>20/files>15/waves>5/per-wave>8, then let the user decide.
- Level-aware dispatch: Trivial/Light may skip the planner (orchestrator fills templates directly); Standard/Critical MUST dispatch it; Critical adds a security dimension to the design.
",
  "plan-design-review": "---
name: bp:plan-design-review
description: Plan-phase UI audit - UI scope detection and 0-10 rating before implementation
---

## Input

- **\`$ARGUMENTS\`** (required in practice): change name. The audit runs against the change's planned UI work.
- \`bp/changes/<name>/proposal.md\` and \`design.md\` — the planned deliverables and design.
- Root \`DESIGN.md\` when present — the existing design system the plan is checked against.
- \`bp/config.yaml\` — stack/profile context.

## Steps

> These are the steps you (orchestrator) execute in order. \`bp plan-design-review\` only outputs these steps — it does not auto-execute. The audit work is dispatched to the designer sub-agent. The verdict attaches to the plan review as advisory input — it does not gate \`bp plan\`.

### Step 0: UI scope detection

1. Read the change's proposal deliverables.
2. Do any deliverables touch user-facing screens, components, or styling? If none, write the verdict \`No UI scope — plan-design-review not applicable.\` and stop.

### Step 1: DESIGN.md status

1. Does a root \`DESIGN.md\` exist?
2. Is it current relative to the change's scope?
3. If missing, recommend \`bp design\` before implementation and note it in the verdict.

### Step 2: Initial rating

Rate the planned UI approach 0-10 (10 = fully coherent with the design system, no open questions). Record the rating and a one-line justification.

### Step 3: Focus areas

List the 2-4 highest-leverage design risks in the plan (ambiguous screens, missing states, styling drift, interaction complexity). For each, state what the implementer must decide before or during implementation.

### Step 4: Conformance checklist

Walk the planned changes against the existing design system (when DESIGN.md exists):

- **Typography** — planned text styles match the scale.
- **Color** — planned palette roles match.
- **Spacing** — planned spacing fits the scale.
- **Layout** — planned layout respects the grid/breakpoints.
- **Motion** — planned motion matches durations/easings.

For each item: conforming / deviation (with note) / no evidence yet.

### Step 5: Verdict routing

1. Compose the verdict: the 0-10 rating, focus areas, and conformance findings.
2. Attach it to the plan review cycle as advisory input — present it to the user alongside \`bp plan\` output.
3. The verdict does NOT gate \`bp plan\` — implementation proceeds regardless; the audit raises awareness, not blockers.

## Output

- Advisory audit notes for the plan review: UI scope verdict, DESIGN.md status, 0-10 rating, focus areas, conformance checklist, and routed verdict.

## Guardrails

- If \`bp dispatch designer\` returns a non-zero or failed run, stop and ask the user before proceeding.
- If the change directory is missing, instruct \`bp propose <name>\` first and stop.
- NEVER gate \`bp plan\` on this audit — it is advisory by design.
- NEVER edit source code or \`DESIGN.md\` — the audit produces notes only.
- All output in English.
",
  "propose": "---
name: bp:propose
description: Create a change folder with proposal.md
---

**You are the orchestrator — dispatch sub-agents; do not do their work yourself.**

### Context injection (OMP Extension)

Context is auto-injected by the OMP Extension at session_start. Do NOT call \`bp context <step>\` yourself — the extension already provides the same material at every turn.

When reading \`bp/changes/<name>/context.jsonl\`, every row follows the schema:

\`\`\`json
{ "file": "<path>", "reason": "<why>", "phase": "plan|apply|check|archive|all", "tag": "<label>", "read": "full|range", "range": [<start>, <end>] }
\`\`\`

Row fields:

- \`file:\` repository-relative path the change depends on. Required.
- \`reason:\` short invariant or invariant-style reason the file exists in the change. Required, ≤ 200 chars.
- \`phase:\` one of \`plan\`, \`apply\`, \`check\`, \`archive\`, or \`all\`. Optional, default \`all\`.
- \`tag:\` free-form label such as \`guard-rail\`, \`invariant\`, \`spec\`, \`convention\`, or \`config\`. Optional.
- \`read:\` either \`full\` (default) or \`range\`. When \`range\`, the row must include \`range:\` as \`[start, end]\` line numbers.

## Input

- **\`$ARGUMENTS\`** (required): change name (kebab-case)
- **\`--phase <milestone>/<phase>\`** (optional): reference a roadmap phase

## Steps

## Orchestrator Steps

> These are the steps you (orchestrator) execute in order. \`bp propose\` only outputs these steps — it does not auto-execute.

### Step 0: Risk assessment and level assignment

Assess risk and assign a level:
- **Trivial**: single file, docs/config/scaffolding only, no behavior change → inline execution, no sub-agents.
- **Light**: 2-5 files, low-risk behavior, good test coverage → single agent, TDD optional.
- **Standard**: cross-module, new behavior, medium risk (DEFAULT) → planner + wave executor + triple review.
- **Critical**: auth/payment/data-consistency/core-path → full flow + security audit + human approval gate.

Auto-assess from the user's described scope (or use \`--level <X>\` if provided) and write it to proposal.md's \`## Level\` section. **Every change is grilled in Step 1 — the level scales grilling depth, never whether it happens** (a trivial change is one frontier round, not zero); critical is flagged for a security audit in design.md.

### Step 1: Grill the user (grilling skill — design tree, frontier, rounds)

> **No level bypasses the grill.** Trivial/light changes are not written from a one-line description — their frontier is small but never empty. The level only tells you how deep the design tree goes.

Follow the **grilling skill**: map the change as a **design tree** — every decision branches into the decisions that hang off it (problem, scope in/out, deliverables, approach + alternatives, research needed, edge cases, dependencies, constraints, roadmap context). Work the tree in **rounds**:

1. **Compute the frontier** — every decision whose prerequisites are already settled: the questions you can ask now without guessing at answers you haven't heard yet.
2. **Ask the whole frontier in one round** — number each question and give your recommended answer, formatted:
   \`\`\`
   ❓ **Q1** - **<question title>**: <question body, including the choices>

   ➡️ <your recommended answer>
   \`\`\`
3. **Wait for the user's answers** before the next round. Each answer reshapes the tree — settled decisions push the frontier outward and unblock questions that depended on them. Recompute the frontier and ask the next round. A question whose answer depends on another question still open this round belongs to a LATER round.
4. **Facts are your job** — when a frontier question needs a fact from the environment (filesystem, codebase, libraries), dispatch a sub-agent to find it; do NOT ask the user for anything you can look up. Don't block on it: only the questions downstream of the lookup wait — ask the rest of the frontier now.
5. **Done when the frontier is empty** — every branch visited, nothing left silently assumed. Do NOT proceed to Step 2 until the user confirms you have reached a shared understanding.

**Hard rules:**
- Ask the WHOLE frontier each round — do NOT trickle questions one-by-one.
- Always provide a recommended answer for each question.
- Do NOT use [ASSUMPTION] tags — if you are about to assume, STOP and ask.
- If the user says "use your best judgment" on a point, you may proceed without asking.

### Step 1b: Technical research

For standard/critical changes, research before writing so findings are captured in the proposal. Skip for trivial/light. Fact-finding sub-agents dispatched during Step 1's grilling continue in the background; finish the remaining research here — read relevant source files, external references mentioned in discussion, callers of code to be changed, and web_search anything unresolved. Document findings as you go (per-PR research goes in the PR's Research field; cross-cutting findings in \`## Research Landscape\`). If information is missing, return to the user with specific questions.

### Step 2: Create change directory

\`\`\`bash
mkdir -p bp/changes/$1
\`\`\`

If \`--phase\` is provided, note the milestone/phase for the proposal's Roadmap Reference section.

### Step 3: Write the detailed proposal from the grilling output

Fetch the proposal template AFTER grilling completes and fill it **from the grilling output** — capture every grilled detail; if the template has no section for a detail, extend it.

1. Run \`bp template proposal --stdout\`.
2. Fill EVERY section from the grilling output:
   - **Intent**: the problem, why now, what triggered the change — the permanent record.
   - **Scope (In/Out)**: precise — "Support GitHub OAuth login", not "improve auth".
   - **Research Landscape**: only when one investigation affected multiple PR-Ns.
   - **Approach**: high-level strategy; per-deliverable breakdown goes in each PR-N's Rationale.
   - **Deliverables (PR-N)**: the core — fill ALL sub-fields: Behavior (SHALL statement), Rationale (WHY — pain points, tradeoffs, decision context), Research (from Step 1b), Alternatives Considered, Risks & Mitigations, Verify, Files.
   - **Dependencies / Roadmap Reference**: fill if applicable.
3. Write to \`bp/changes/$1/proposal.md\`.

### Step 4: Verify proposal quality

- Intent states the problem with full context.
- Scope has both In Scope and Out of Scope.
- Each PR-N has ALL sub-fields (Behavior, Rationale, Verify) plus Research/Alternatives/Risks when discussed.
- No unreplaced template placeholders.
- PR count <= 5 (suggest splitting if more).
- The proposal captures the user's actual requirements, not AI guesswork.

### Step 5: Commit and suggest next step

\`\`\`bash
# Update roadmap: If proposal has \`## Roadmap Reference\`, read \`bp/roadmap.md\`, find corresponding phase, add \`- [ ] $1\` to its Changes list if not already present.
git add bp/changes/$1/
bp commit "docs(proposal): $1" --files bp/changes/$1/
\`\`\`

Output:
\`\`\`
Created bp/changes/$1/proposal.md
  Proposal is ready for planning.

  Next: bp plan $1
  (or: bp continue $1)
\`\`\`

## Output

- \`bp/changes/$1/proposal.md\` — the detailed proposal written from the grilling output.

## Guardrails

- ALWAYS discuss with the user before writing — do not guess the requirements.
- ALWAYS research what was discussed — Step 1b is mandatory for standard/critical changes.
- DO write the proposal in detail — it is the permanent record; lost details cannot be recovered.
- Do NOT create design.md, tasks.md, or specs/ — that's the planner's job.
- Do NOT run bp plan automatically — let the user review the proposal first (they can run bp plan $1 directly to skip).
- Architecture decisions and technical design come from the planner, not from propose.
",
  "refactor": "---
name: bp:refactor
description: Run deterministic refactor analyzer and dispatch refactorer sub-agents per module
---

**You are the orchestrator — dispatch sub-agents; do not do their work yourself.**

### Context injection (OMP Extension)

Context is auto-injected by the OMP Extension at session_start. Do NOT call \`bp context <step>\` yourself — the extension already provides the same material at every turn.

When reading \`bp/changes/<name>/context.jsonl\`, every row follows the schema:

\`\`\`json
{ "file": "<path>", "reason": "<why>", "phase": "plan|apply|check|archive|all", "tag": "<label>", "read": "full|range", "range": [<start>, <end>] }
\`\`\`

Row fields:

- \`file:\` repository-relative path the change depends on. Required.
- \`reason:\` short invariant or invariant-style reason the file exists in the change. Required, ≤ 200 chars.
- \`phase:\` one of \`plan\`, \`apply\`, \`check\`, \`archive\`, or \`all\`. Optional, default \`all\`.
- \`tag:\` free-form label such as \`guard-rail\`, \`invariant\`, \`spec\`, \`convention\`, or \`config\`. Optional.
- \`read:\` either \`full\` (default) or \`range\`. When \`range\`, the row must include \`range:\` as \`[start, end]\` line numbers.

## Input

- **\`$ARGUMENTS\`** (required): target module path (e.g. \`src/core\`) or \`.\` for the whole repository.
- **\`--change <name>\`** (optional): change name passed through to \`bp dispatch refactorer\`.

## Steps

> These are the steps you (orchestrator) execute in order. \`bp refactor\` only outputs these steps — it does not auto-execute.

### Step 1: Run the deterministic analyzer

\`\`\`bash
bp refactor analyze $ARGUMENTS
\`\`\`

The analyzer computes per-module evidence for the four anti-pattern metrics (fragmentation, duplication, flatness, low reuse), writes \`bp/.refactor-report.md\`, and prints a one-line summary. Do NOT replace the analyzer with your own judgment — the report is the only source of evidence.

### Step 2: Show the report and obtain explicit human confirmation

Display \`bp/.refactor-report.md\` and pause for an explicit answer before any dispatch:
- \`yes\` — proceed with all affected modules.
- \`no\` — stop the refactor flow.
- \`scope: <reduced target>\` — restrict dispatch to the listed modules.

Do NOT edit any code before the human confirms.

### Step 3: Dispatch the refactorer per affected module

For each module listed in the report, dispatch one isolated sub-agent:

\`\`\`bash
bp dispatch refactorer --target <module>
\`\`\`

One dispatch per module — the refactorer handles exactly one module and returns control to you.

### Step 4: Refactorer applies behavior-preserving consolidation + spec sync

Each refactorer consolidates its assigned module toward deep modules while preserving observable behavior (the test suite stays green), and syncs only the spec files whose contracts reference the changed module.

### Step 5: Summarize the diff

After all dispatches complete, print \`git diff --stat\` plus the list of changed spec files, then return to the user.

## Output

- The analyzer artifact \`bp/.refactor-report.md\` written by Step 1.
- The refactorer's per-module diff summaries and spec-sync list from Steps 4-5.
- A final \`git diff --stat\` summary printed by Step 5.

## Guardrails

- NEVER create change-lifecycle artifacts — refactor is a standalone auxiliary step, not a change proposal.
- NEVER run the lifecycle plan/apply/check/archive commands as part of this step.
- NEVER edit code before the human explicitly confirms the report (Step 2).
- NEVER re-judge the metrics — the deterministic analyzer report is the only source of evidence.
- Dispatch exactly ONE module per refactorer call; do not batch modules.
- Spec sync stays inside the affected domains listed in the report.
",
  "roadmap": "---
name: bp:roadmap
description: View or modify roadmap.md
---

## Input

- No parameters: operate on the current project.

## Steps

### Step 1: Grill the project's feature scope (complete)

Before defining milestones, reach full shared understanding of what this project must DO. This is a COMPLETE feature-scope discussion — but it stays at the feature level: do NOT dive into implementation detail (edge cases, failure modes, exact requirements), which is captured per-change in each \`bp propose\` step.

Follow the **grilling skill**: map the feature scope as a **design tree** and work it in **rounds**:

1. **Compute the frontier** — every feature-scope decision whose prerequisites are settled: the questions you can ask now without guessing at answers you haven't heard.
2. **Ask the whole frontier in one round** — number each question and give your recommended answer, formatted:
   \`\`\`
   ❓ **Q1** - **<question title>**: <question body, including the choices>

   ➡️ <your recommended answer>
   \`\`\`
3. **Wait for the user's answers** before the next round; recompute the frontier and ask the next round. A question whose answer depends on another still open this round belongs to a LATER round.
4. **Facts are your job** — when a question needs a fact from the environment (codebase, config, specs), dispatch a sub-agent to find it; do NOT ask the user for anything you can look up.
5. **Done when the frontier is empty** — every branch visited, nothing left silently assumed.

Resolve (walk every branch of the feature scope):
1. **Main capabilities** — what are the primary features/capabilities this project must deliver? Enumerate them; each becomes candidate work.
2. **Scope boundaries** — what is explicitly NOT in scope? where does this project stop?
3. **Target users** — who is this for? what do they need?
4. **Constraints** — technical, timeline, or resource constraints? existing tech stack?
5. **Priorities** — what matters most? what is committed vs a future intention?

**Hard rules:** ask the WHOLE frontier each round (do NOT trickle questions one-by-one), always provide a recommended answer, and do NOT proceed until you can enumerate the full feature scope without guessing. Do NOT use assumptions — if you are about to assume, STOP and ask instead.

> Implementation detail (edge cases, failure modes, exact requirements) is deferred to each change's propose step (\`bp propose\`) — do NOT grill those here.

### Step 2: User confirmation — scope discussion complete

After the feature-scope grilling, present a concise summary of the agreed scope (capabilities, boundaries, priorities) and ASK the user explicitly to confirm the discussion is complete:

- Present the summary.
- Ask: "Is the feature scope discussion complete? Anything missing or to adjust?"
- Do NOT proceed to milestone planning until the user confirms. If the user adds or changes items, return to Step 1 and resolve them before continuing.

### Step 3: Agree the milestone/phase structure with the user

Only after the user confirms the scope is complete, discuss HOW to plan the roadmap — use the same grilling method (design tree + frontier + rounds): ask the whole frontier in one round with numbered questions and recommended answers, then refine in later rounds until the skeleton is agreed.

Resolve:
1. **Planning mode** — MVP mode (each phase delivers user-facing value) vs technical-layer mode (infrastructure/CLI; each phase produces a runnable/testable artifact). Ask the user; use \`ask\`.
2. **Milestone/phase skeleton** — how should the confirmed scope be cut into milestones (product releases) and phases (runnable end-to-end slices)? Which features go in which phase? What is the build order? Propose a skeleton and refine it with the user.
3. **Future intentions** — which discussed items are future intentions (M2+ placeholders) vs committed scope?

Agree the skeleton with the user before writing the roadmap.

### Step 4: Get context

Read \`bp/config.yaml\` and \`bp/specs/\` to understand project scope, tech stack, and existing behavioral contracts.

### Step 5: Detect roadmap state

Read \`bp/roadmap.md\`. If no milestones are defined (no real \`## Milestone:\` content), continue to Step 6. Otherwise (roadmap exists), append new milestone(s) BELOW existing ones separated by \`---\`, keeping existing milestones' status unchanged.

### Step 6: Define Milestones

**HARD RULE: run \`bp template roadmap --stdout\` BEFORE writing \`bp/roadmap.md\`** — it defines milestone/phase section structure, status tags, and the progress summary format. Writing from memory produces an unparsable roadmap.

**Milestones = product releases. Default: exactly ONE milestone covering the entire project.** Do NOT create extra milestones to organize work — that's what phases are for.

Only create additional milestones (M2+) for work the user EXPLICITLY mentioned wanting later but NOT committed yet (a vague future intention). Never create a milestone because the project is big, or for work the user never mentioned.

Each milestone is one of two tiers:
- **Discussed** (full structure): concrete Goal/What/Deliverables/Outcomes, phases decomposed (P{N}.1, P{N}.2...) with full fields, planned changes as structured blocks, and Key Decisions captured during discussion.
- **Future-intention** (placeholder only): Goal/What (TBD is OK) + Key Decisions, but NO phase decomposition or change lists — premature decomposition locks in structure later discussion will overturn.

#### Splitting granularity (full-structure milestones only)

- **Milestone** = one shippable product increment; if two milestones share >50% deliverables, merge them.
- **Phase** = one runnable/testable end-to-end slice that can be independently verified; merge phases too coupled to verify separately. The first phase is always the thinnest end-to-end path.
- **Phase contains MULTIPLE changes** — one phase = one change is an over-split signal; merge into a neighbor phase.
- **Change** = one feature — do NOT split by task/wave count; annotate \`Depends on\` between features instead of merging them.

#### Filling each layer (Goal / What / Deliverables / Outcomes)

All layers (Milestone/Phase/Change) use the same four fields: **Goal** (the problem solved — WHY), **What** (the work involved), **Deliverables** (concrete artifacts), **Outcomes** (verifiable result — prefer Given/When/Then or an executable command; a concrete declarative statement is acceptable for docs/config-type changes).

#### Dependencies

Phase and Change fill \`Depends on\` (no dependency → \`none\`). Cross-phase change dependencies name the change and its phase id, e.g. \`telemetry (P3.1)\`.

**Key Decisions** — write decisions into the appropriate milestone/phase's \`### Key Decisions\` section as \`- [P{milestone}.{phase}-KD] {{subject}} — {{decision}} (reason: {{why}}; alt: {{alternatives}})\`. Use milestone-level \`[M{N}-KD]\` for placeholder milestones.

**Planned changes** — for NOT_STARTED phases, list planned changes in \`**Changes**\` as one structured block per change (Goal / What / Deliverables / Outcomes / Depends on), keeping the \`- [ ] name (proposed date)\` line format so \`bp archive\` can mark it \`[x]\`.

**Future Considerations** — record discussed items that fit no milestone in \`## Future Considerations\`; promote them when scope solidifies.

### Step 7: Validate

Check before finishing:
- All Step-1 requirements are covered by a milestone (full-structure phase, placeholder goal, or Future Considerations).
- Full-structure milestones: phase dependencies form a DAG; \`Depends on\` filled for every phase and change.
- Placeholder milestones: NOT decomposed into phases (only Goal/What/Deliverables/Outcomes + Key Decisions).
- Every full-structure phase and change has concrete, verifiable Outcomes.
- Phase status is consistent: all changes \`[x]\` → COMPLETED; any \`[ ]\` → IN_PROGRESS/NOT_STARTED; the \`[STATUS]\` tag matches the \`**Status**\` line.
- Milestone count defaults to 1; only add M2+ for user-expressed future intentions.
- Every full-structure phase contains MULTIPLE changes; the first phase is the thinnest end-to-end path.
- No template placeholders remain.

#### Progress Summary calculation

- Phases column: \`<completed>/<total>\` for full-structure milestones; \`-/-\` for placeholders.
- Changes column: \`<archived>/<total>\` (archived = \`[x]\` count); \`-/-\` for placeholders. Never write "planned" — always numeric or \`-/-\`.
- Status column: the milestone's \`**Status**\` value.

## Output

- \`bp/roadmap.md\` — structured roadmap with milestone and phase info.

## Guardrails

- Milestones = product releases; default exactly ONE. No "foundation"/"setup"/"scaffolding" milestones.
- Only add M2+ for user-expressed future intentions. Never split milestones to organize phases.
- A phase contains MULTIPLE changes — one change per phase is an over-split signal.
- Capture partial knowledge: write decisions for future milestones where they belong; fuzzy is OK.
- Mode (MVP/technical-layer) shapes phases within a milestone, not the milestones themselves.
- First phase = thinnest end-to-end path (never "phase 0").
- Adding a milestone: append below existing ones; don't overwrite.
- Do NOT create milestone directories — v2 uses roadmap.md as the single tracking document.
",
}
`;
